18:49:05 **** Incremental Build of configuration Debug for project klocki_test ****
make all 
make: Nie ma nic do zrobienia w `all'.
18:50:49 **** Auto Build of configuration Debug for project klocki_test ****
make all 
'Building file: ../src/fpga_interface.c'
'Invoking: MicroBlaze g++ compiler'
mb-g++ -Wall -O0 -g3 -I../../basys3_game_bsp/microblaze_0/include -c -fmessage-length=0 -MT"src/fpga_interface.o" -std=c++17 -mno-xl-reorder -mlittle-endian -mxl-barrel-shift -mxl-pattern-compare -mno-xl-soft-div -mcpu=v10.0 -mno-xl-soft-mul -mhard-float -Wl,--no-relax -ffunction-sections -fdata-sections -MMD -MP -MF"src/fpga_interface.d" -MT"src/fpga_interface.o" -o "src/fpga_interface.o" "../src/fpga_interface.c"
'Finished building: ../src/fpga_interface.c'
' '
'Building target: klocki_test.elf'
'Invoking: MicroBlaze g++ linker'
mb-g++ -Wl,-T -Wl,../src/lscript.ld -L../../basys3_game_bsp/microblaze_0/lib -mlittle-endian -mxl-barrel-shift -mxl-pattern-compare -mno-xl-soft-div -mcpu=v10.0 -mno-xl-soft-mul -mhard-float -Wl,--no-relax -Wl,--gc-sections -o "klocki_test.elf"  ./src/fpga_interface.o ./src/game.o ./src/line2d.o ./src/main.o ./src/player.o ./src/point2d.o   -Wl,--start-group,-lxil,-lgcc,-lc,-lstdc++,--end-group
'Finished building target: klocki_test.elf'
' '
'Invoking: MicroBlaze Print Size'
mb-size klocki_test.elf  |tee "klocki_test.elf.size"
   text	   data	    bss	    dec	    hex	filename
  31326	   1596	  12182	  45104	   b030	klocki_test.elf
'Finished building: klocki_test.elf.size'
' '
18:54:24 **** Auto Build of configuration Debug for project klocki_test ****
make all 
'Building file: ../src/fpga_interface.c'
'Invoking: MicroBlaze g++ compiler'
mb-g++ -Wall -O0 -g3 -I../../basys3_game_bsp/microblaze_0/include -c -fmessage-length=0 -MT"src/fpga_interface.o" -std=c++17 -mno-xl-reorder -mlittle-endian -mxl-barrel-shift -mxl-pattern-compare -mno-xl-soft-div -mcpu=v10.0 -mno-xl-soft-mul -mhard-float -Wl,--no-relax -ffunction-sections -fdata-sections -MMD -MP -MF"src/fpga_interface.d" -MT"src/fpga_interface.o" -o "src/fpga_interface.o" "../src/fpga_interface.c"
'Finished building: ../src/fpga_interface.c'
' '
'Building target: klocki_test.elf'
'Invoking: MicroBlaze g++ linker'
mb-g++ -Wl,-T -Wl,../src/lscript.ld -L../../basys3_game_bsp/microblaze_0/lib -mlittle-endian -mxl-barrel-shift -mxl-pattern-compare -mno-xl-soft-div -mcpu=v10.0 -mno-xl-soft-mul -mhard-float -Wl,--no-relax -Wl,--gc-sections -o "klocki_test.elf"  ./src/fpga_interface.o ./src/game.o ./src/line2d.o ./src/main.o ./src/player.o ./src/point2d.o   -Wl,--start-group,-lxil,-lgcc,-lc,-lstdc++,--end-group
'Finished building target: klocki_test.elf'
' '
'Invoking: MicroBlaze Print Size'
mb-size klocki_test.elf  |tee "klocki_test.elf.size"
   text	   data	    bss	    dec	    hex	filename
  31334	   1596	  12182	  45112	   b038	klocki_test.elf
'Finished building: klocki_test.elf.size'
' '
18:57:36 **** Auto Build of configuration Debug for project klocki_test ****
make all 
'Building file: ../src/fpga_interface.c'
'Invoking: MicroBlaze g++ compiler'
mb-g++ -Wall -O0 -g3 -I../../basys3_game_bsp/microblaze_0/include -c -fmessage-length=0 -MT"src/fpga_interface.o" -std=c++17 -mno-xl-reorder -mlittle-endian -mxl-barrel-shift -mxl-pattern-compare -mno-xl-soft-div -mcpu=v10.0 -mno-xl-soft-mul -mhard-float -Wl,--no-relax -ffunction-sections -fdata-sections -MMD -MP -MF"src/fpga_interface.d" -MT"src/fpga_interface.o" -o "src/fpga_interface.o" "../src/fpga_interface.c"
'Finished building: ../src/fpga_interface.c'
' '
'Building target: klocki_test.elf'
'Invoking: MicroBlaze g++ linker'
mb-g++ -Wl,-T -Wl,../src/lscript.ld -L../../basys3_game_bsp/microblaze_0/lib -mlittle-endian -mxl-barrel-shift -mxl-pattern-compare -mno-xl-soft-div -mcpu=v10.0 -mno-xl-soft-mul -mhard-float -Wl,--no-relax -Wl,--gc-sections -o "klocki_test.elf"  ./src/fpga_interface.o ./src/game.o ./src/line2d.o ./src/main.o ./src/player.o ./src/point2d.o   -Wl,--start-group,-lxil,-lgcc,-lc,-lstdc++,--end-group
'Finished building target: klocki_test.elf'
' '
'Invoking: MicroBlaze Print Size'
mb-size klocki_test.elf  |tee "klocki_test.elf.size"
   text	   data	    bss	    dec	    hex	filename
  31334	   1596	  12182	  45112	   b038	klocki_test.elf
'Finished building: klocki_test.elf.size'
' '
18:58:28 **** Auto Build of configuration Debug for project klocki_test ****
make all 
'Building file: ../src/fpga_interface.c'
'Invoking: MicroBlaze g++ compiler'
mb-g++ -Wall -O0 -g3 -I../../basys3_game_bsp/microblaze_0/include -c -fmessage-length=0 -MT"src/fpga_interface.o" -std=c++17 -mno-xl-reorder -mlittle-endian -mxl-barrel-shift -mxl-pattern-compare -mno-xl-soft-div -mcpu=v10.0 -mno-xl-soft-mul -mhard-float -Wl,--no-relax -ffunction-sections -fdata-sections -MMD -MP -MF"src/fpga_interface.d" -MT"src/fpga_interface.o" -o "src/fpga_interface.o" "../src/fpga_interface.c"
'Finished building: ../src/fpga_interface.c'
' '
'Building target: klocki_test.elf'
'Invoking: MicroBlaze g++ linker'
mb-g++ -Wl,-T -Wl,../src/lscript.ld -L../../basys3_game_bsp/microblaze_0/lib -mlittle-endian -mxl-barrel-shift -mxl-pattern-compare -mno-xl-soft-div -mcpu=v10.0 -mno-xl-soft-mul -mhard-float -Wl,--no-relax -Wl,--gc-sections -o "klocki_test.elf"  ./src/fpga_interface.o ./src/game.o ./src/line2d.o ./src/main.o ./src/player.o ./src/point2d.o   -Wl,--start-group,-lxil,-lgcc,-lc,-lstdc++,--end-group
'Finished building target: klocki_test.elf'
' '
'Invoking: MicroBlaze Print Size'
mb-size klocki_test.elf  |tee "klocki_test.elf.size"
   text	   data	    bss	    dec	    hex	filename
  31306	   1596	  12178	  45080	   b018	klocki_test.elf
'Finished building: klocki_test.elf.size'
' '
18:58:58 **** Auto Build of configuration Debug for project klocki_test ****
make all 
'Building file: ../src/fpga_interface.c'
'Invoking: MicroBlaze g++ compiler'
mb-g++ -Wall -O0 -g3 -I../../basys3_game_bsp/microblaze_0/include -c -fmessage-length=0 -MT"src/fpga_interface.o" -std=c++17 -mno-xl-reorder -mlittle-endian -mxl-barrel-shift -mxl-pattern-compare -mno-xl-soft-div -mcpu=v10.0 -mno-xl-soft-mul -mhard-float -Wl,--no-relax -ffunction-sections -fdata-sections -MMD -MP -MF"src/fpga_interface.d" -MT"src/fpga_interface.o" -o "src/fpga_interface.o" "../src/fpga_interface.c"
'Finished building: ../src/fpga_interface.c'
' '
'Building target: klocki_test.elf'
'Invoking: MicroBlaze g++ linker'
mb-g++ -Wl,-T -Wl,../src/lscript.ld -L../../basys3_game_bsp/microblaze_0/lib -mlittle-endian -mxl-barrel-shift -mxl-pattern-compare -mno-xl-soft-div -mcpu=v10.0 -mno-xl-soft-mul -mhard-float -Wl,--no-relax -Wl,--gc-sections -o "klocki_test.elf"  ./src/fpga_interface.o ./src/game.o ./src/line2d.o ./src/main.o ./src/player.o ./src/point2d.o   -Wl,--start-group,-lxil,-lgcc,-lc,-lstdc++,--end-group
'Finished building target: klocki_test.elf'
' '
'Invoking: MicroBlaze Print Size'
mb-size klocki_test.elf  |tee "klocki_test.elf.size"
   text	   data	    bss	    dec	    hex	filename
  31282	   1596	  12178	  45056	   b000	klocki_test.elf
'Finished building: klocki_test.elf.size'
' '
18:59:56 **** Auto Build of configuration Debug for project klocki_test ****
make all 
'Building file: ../src/fpga_interface.c'
'Invoking: MicroBlaze g++ compiler'
mb-g++ -Wall -O0 -g3 -I../../basys3_game_bsp/microblaze_0/include -c -fmessage-length=0 -MT"src/fpga_interface.o" -std=c++17 -mno-xl-reorder -mlittle-endian -mxl-barrel-shift -mxl-pattern-compare -mno-xl-soft-div -mcpu=v10.0 -mno-xl-soft-mul -mhard-float -Wl,--no-relax -ffunction-sections -fdata-sections -MMD -MP -MF"src/fpga_interface.d" -MT"src/fpga_interface.o" -o "src/fpga_interface.o" "../src/fpga_interface.c"
'Finished building: ../src/fpga_interface.c'
' '
'Building target: klocki_test.elf'
'Invoking: MicroBlaze g++ linker'
mb-g++ -Wl,-T -Wl,../src/lscript.ld -L../../basys3_game_bsp/microblaze_0/lib -mlittle-endian -mxl-barrel-shift -mxl-pattern-compare -mno-xl-soft-div -mcpu=v10.0 -mno-xl-soft-mul -mhard-float -Wl,--no-relax -Wl,--gc-sections -o "klocki_test.elf"  ./src/fpga_interface.o ./src/game.o ./src/line2d.o ./src/main.o ./src/player.o ./src/point2d.o   -Wl,--start-group,-lxil,-lgcc,-lc,-lstdc++,--end-group
'Finished building target: klocki_test.elf'
' '
'Invoking: MicroBlaze Print Size'
mb-size klocki_test.elf  |tee "klocki_test.elf.size"
   text	   data	    bss	    dec	    hex	filename
  31334	   1596	  12182	  45112	   b038	klocki_test.elf
'Finished building: klocki_test.elf.size'
' '
13:13:32 **** Auto Build of configuration Debug for project klocki_test ****
make all 
'Building file: ../src/fpga_interface.c'
'Invoking: MicroBlaze g++ compiler'
mb-g++ -Wall -O0 -g3 -I../../basys3_game_bsp/microblaze_0/include -c -fmessage-length=0 -MT"src/fpga_interface.o" -std=c++17 -mno-xl-reorder -mlittle-endian -mxl-barrel-shift -mxl-pattern-compare -mno-xl-soft-div -mcpu=v10.0 -mno-xl-soft-mul -mhard-float -Wl,--no-relax -ffunction-sections -fdata-sections -MMD -MP -MF"src/fpga_interface.d" -MT"src/fpga_interface.o" -o "src/fpga_interface.o" "../src/fpga_interface.c"
'Finished building: ../src/fpga_interface.c'
' '
'Building target: klocki_test.elf'
'Invoking: MicroBlaze g++ linker'
mb-g++ -Wl,-T -Wl,../src/lscript.ld -L../../basys3_game_bsp/microblaze_0/lib -mlittle-endian -mxl-barrel-shift -mxl-pattern-compare -mno-xl-soft-div -mcpu=v10.0 -mno-xl-soft-mul -mhard-float -Wl,--no-relax -Wl,--gc-sections -o "klocki_test.elf"  ./src/fpga_interface.o ./src/game.o ./src/line2d.o ./src/main.o ./src/player.o ./src/point2d.o   -Wl,--start-group,-lxil,-lgcc,-lc,-lstdc++,--end-group
'Finished building target: klocki_test.elf'
' '
'Invoking: MicroBlaze Print Size'
mb-size klocki_test.elf  |tee "klocki_test.elf.size"
   text	   data	    bss	    dec	    hex	filename
  31286	   1596	  12182	  45064	   b008	klocki_test.elf
'Finished building: klocki_test.elf.size'
' '
13:13:55 **** Auto Build of configuration Debug for project klocki_test ****
make all 
'Building file: ../src/fpga_interface.c'
'Invoking: MicroBlaze g++ compiler'
mb-g++ -Wall -O0 -g3 -I../../basys3_game_bsp/microblaze_0/include -c -fmessage-length=0 -MT"src/fpga_interface.o" -std=c++17 -mno-xl-reorder -mlittle-endian -mxl-barrel-shift -mxl-pattern-compare -mno-xl-soft-div -mcpu=v10.0 -mno-xl-soft-mul -mhard-float -Wl,--no-relax -ffunction-sections -fdata-sections -MMD -MP -MF"src/fpga_interface.d" -MT"src/fpga_interface.o" -o "src/fpga_interface.o" "../src/fpga_interface.c"
'Finished building: ../src/fpga_interface.c'
' '
'Building target: klocki_test.elf'
'Invoking: MicroBlaze g++ linker'
mb-g++ -Wl,-T -Wl,../src/lscript.ld -L../../basys3_game_bsp/microblaze_0/lib -mlittle-endian -mxl-barrel-shift -mxl-pattern-compare -mno-xl-soft-div -mcpu=v10.0 -mno-xl-soft-mul -mhard-float -Wl,--no-relax -Wl,--gc-sections -o "klocki_test.elf"  ./src/fpga_interface.o ./src/game.o ./src/line2d.o ./src/main.o ./src/player.o ./src/point2d.o   -Wl,--start-group,-lxil,-lgcc,-lc,-lstdc++,--end-group
'Finished building target: klocki_test.elf'
' '
'Invoking: MicroBlaze Print Size'
mb-size klocki_test.elf  |tee "klocki_test.elf.size"
   text	   data	    bss	    dec	    hex	filename
  31286	   1596	  12182	  45064	   b008	klocki_test.elf
'Finished building: klocki_test.elf.size'
' '
13:14:44 **** Auto Build of configuration Debug for project klocki_test ****
make all 
'Building file: ../src/fpga_interface.c'
'Invoking: MicroBlaze g++ compiler'
mb-g++ -Wall -O0 -g3 -I../../basys3_game_bsp/microblaze_0/include -c -fmessage-length=0 -MT"src/fpga_interface.o" -std=c++17 -mno-xl-reorder -mlittle-endian -mxl-barrel-shift -mxl-pattern-compare -mno-xl-soft-div -mcpu=v10.0 -mno-xl-soft-mul -mhard-float -Wl,--no-relax -ffunction-sections -fdata-sections -MMD -MP -MF"src/fpga_interface.d" -MT"src/fpga_interface.o" -o "src/fpga_interface.o" "../src/fpga_interface.c"
'Finished building: ../src/fpga_interface.c'
' '
'Building target: klocki_test.elf'
'Invoking: MicroBlaze g++ linker'
mb-g++ -Wl,-T -Wl,../src/lscript.ld -L../../basys3_game_bsp/microblaze_0/lib -mlittle-endian -mxl-barrel-shift -mxl-pattern-compare -mno-xl-soft-div -mcpu=v10.0 -mno-xl-soft-mul -mhard-float -Wl,--no-relax -Wl,--gc-sections -o "klocki_test.elf"  ./src/fpga_interface.o ./src/game.o ./src/line2d.o ./src/main.o ./src/player.o ./src/point2d.o   -Wl,--start-group,-lxil,-lgcc,-lc,-lstdc++,--end-group
'Finished building target: klocki_test.elf'
' '
'Invoking: MicroBlaze Print Size'
mb-size klocki_test.elf  |tee "klocki_test.elf.size"
   text	   data	    bss	    dec	    hex	filename
  31286	   1596	  12182	  45064	   b008	klocki_test.elf
'Finished building: klocki_test.elf.size'
' '
13:15:34 **** Auto Build of configuration Debug for project klocki_test ****
make all 
'Building file: ../src/fpga_interface.c'
'Invoking: MicroBlaze g++ compiler'
mb-g++ -Wall -O0 -g3 -I../../basys3_game_bsp/microblaze_0/include -c -fmessage-length=0 -MT"src/fpga_interface.o" -std=c++17 -mno-xl-reorder -mlittle-endian -mxl-barrel-shift -mxl-pattern-compare -mno-xl-soft-div -mcpu=v10.0 -mno-xl-soft-mul -mhard-float -Wl,--no-relax -ffunction-sections -fdata-sections -MMD -MP -MF"src/fpga_interface.d" -MT"src/fpga_interface.o" -o "src/fpga_interface.o" "../src/fpga_interface.c"
'Finished building: ../src/fpga_interface.c'
' '
'Building target: klocki_test.elf'
'Invoking: MicroBlaze g++ linker'
mb-g++ -Wl,-T -Wl,../src/lscript.ld -L../../basys3_game_bsp/microblaze_0/lib -mlittle-endian -mxl-barrel-shift -mxl-pattern-compare -mno-xl-soft-div -mcpu=v10.0 -mno-xl-soft-mul -mhard-float -Wl,--no-relax -Wl,--gc-sections -o "klocki_test.elf"  ./src/fpga_interface.o ./src/game.o ./src/line2d.o ./src/main.o ./src/player.o ./src/point2d.o   -Wl,--start-group,-lxil,-lgcc,-lc,-lstdc++,--end-group
'Finished building target: klocki_test.elf'
' '
'Invoking: MicroBlaze Print Size'
mb-size klocki_test.elf  |tee "klocki_test.elf.size"
   text	   data	    bss	    dec	    hex	filename
  31334	   1596	  12182	  45112	   b038	klocki_test.elf
'Finished building: klocki_test.elf.size'
' '
14:11:34 **** Auto Build of configuration Debug for project klocki_test ****
make all 
'Building file: ../src/fpga_interface.c'
'Invoking: MicroBlaze g++ compiler'
mb-g++ -Wall -O0 -g3 -I../../basys3_game_bsp/microblaze_0/include -c -fmessage-length=0 -MT"src/fpga_interface.o" -std=c++17 -mno-xl-reorder -mlittle-endian -mxl-barrel-shift -mxl-pattern-compare -mno-xl-soft-div -mcpu=v10.0 -mno-xl-soft-mul -mhard-float -Wl,--no-relax -ffunction-sections -fdata-sections -MMD -MP -MF"src/fpga_interface.d" -MT"src/fpga_interface.o" -o "src/fpga_interface.o" "../src/fpga_interface.c"
'Finished building: ../src/fpga_interface.c'
' '
'Building target: klocki_test.elf'
'Invoking: MicroBlaze g++ linker'
mb-g++ -Wl,-T -Wl,../src/lscript.ld -L../../basys3_game_bsp/microblaze_0/lib -mlittle-endian -mxl-barrel-shift -mxl-pattern-compare -mno-xl-soft-div -mcpu=v10.0 -mno-xl-soft-mul -mhard-float -Wl,--no-relax -Wl,--gc-sections -o "klocki_test.elf"  ./src/fpga_interface.o ./src/game.o ./src/line2d.o ./src/main.o ./src/player.o ./src/point2d.o   -Wl,--start-group,-lxil,-lgcc,-lc,-lstdc++,--end-group
'Finished building target: klocki_test.elf'
' '
'Invoking: MicroBlaze Print Size'
mb-size klocki_test.elf  |tee "klocki_test.elf.size"
   text	   data	    bss	    dec	    hex	filename
  31334	   1596	  12182	  45112	   b038	klocki_test.elf
'Finished building: klocki_test.elf.size'
' '
14:12:14 **** Auto Build of configuration Debug for project klocki_test ****
make all 
'Building file: ../src/fpga_interface.c'
'Invoking: MicroBlaze g++ compiler'
mb-g++ -Wall -O0 -g3 -I../../basys3_game_bsp/microblaze_0/include -c -fmessage-length=0 -MT"src/fpga_interface.o" -std=c++17 -mno-xl-reorder -mlittle-endian -mxl-barrel-shift -mxl-pattern-compare -mno-xl-soft-div -mcpu=v10.0 -mno-xl-soft-mul -mhard-float -Wl,--no-relax -ffunction-sections -fdata-sections -MMD -MP -MF"src/fpga_interface.d" -MT"src/fpga_interface.o" -o "src/fpga_interface.o" "../src/fpga_interface.c"
'Finished building: ../src/fpga_interface.c'
' '
'Building target: klocki_test.elf'
'Invoking: MicroBlaze g++ linker'
mb-g++ -Wl,-T -Wl,../src/lscript.ld -L../../basys3_game_bsp/microblaze_0/lib -mlittle-endian -mxl-barrel-shift -mxl-pattern-compare -mno-xl-soft-div -mcpu=v10.0 -mno-xl-soft-mul -mhard-float -Wl,--no-relax -Wl,--gc-sections -o "klocki_test.elf"  ./src/fpga_interface.o ./src/game.o ./src/line2d.o ./src/main.o ./src/player.o ./src/point2d.o   -Wl,--start-group,-lxil,-lgcc,-lc,-lstdc++,--end-group
'Finished building target: klocki_test.elf'
' '
'Invoking: MicroBlaze Print Size'
mb-size klocki_test.elf  |tee "klocki_test.elf.size"
   text	   data	    bss	    dec	    hex	filename
  31374	   1596	  12182	  45152	   b060	klocki_test.elf
'Finished building: klocki_test.elf.size'
' '
14:12:39 **** Auto Build of configuration Debug for project klocki_test ****
make all 
'Building file: ../src/fpga_interface.c'
'Invoking: MicroBlaze g++ compiler'
mb-g++ -Wall -O0 -g3 -I../../basys3_game_bsp/microblaze_0/include -c -fmessage-length=0 -MT"src/fpga_interface.o" -std=c++17 -mno-xl-reorder -mlittle-endian -mxl-barrel-shift -mxl-pattern-compare -mno-xl-soft-div -mcpu=v10.0 -mno-xl-soft-mul -mhard-float -Wl,--no-relax -ffunction-sections -fdata-sections -MMD -MP -MF"src/fpga_interface.d" -MT"src/fpga_interface.o" -o "src/fpga_interface.o" "../src/fpga_interface.c"
'Finished building: ../src/fpga_interface.c'
' '
'Building target: klocki_test.elf'
'Invoking: MicroBlaze g++ linker'
mb-g++ -Wl,-T -Wl,../src/lscript.ld -L../../basys3_game_bsp/microblaze_0/lib -mlittle-endian -mxl-barrel-shift -mxl-pattern-compare -mno-xl-soft-div -mcpu=v10.0 -mno-xl-soft-mul -mhard-float -Wl,--no-relax -Wl,--gc-sections -o "klocki_test.elf"  ./src/fpga_interface.o ./src/game.o ./src/line2d.o ./src/main.o ./src/player.o ./src/point2d.o   -Wl,--start-group,-lxil,-lgcc,-lc,-lstdc++,--end-group
'Finished building target: klocki_test.elf'
' '
'Invoking: MicroBlaze Print Size'
mb-size klocki_test.elf  |tee "klocki_test.elf.size"
   text	   data	    bss	    dec	    hex	filename
  31402	   1596	  12178	  45176	   b078	klocki_test.elf
'Finished building: klocki_test.elf.size'
' '
14:13:01 **** Auto Build of configuration Debug for project klocki_test ****
make all 
'Building file: ../src/fpga_interface.c'
'Invoking: MicroBlaze g++ compiler'
mb-g++ -Wall -O0 -g3 -I../../basys3_game_bsp/microblaze_0/include -c -fmessage-length=0 -MT"src/fpga_interface.o" -std=c++17 -mno-xl-reorder -mlittle-endian -mxl-barrel-shift -mxl-pattern-compare -mno-xl-soft-div -mcpu=v10.0 -mno-xl-soft-mul -mhard-float -Wl,--no-relax -ffunction-sections -fdata-sections -MMD -MP -MF"src/fpga_interface.d" -MT"src/fpga_interface.o" -o "src/fpga_interface.o" "../src/fpga_interface.c"
'Finished building: ../src/fpga_interface.c'
' '
'Building target: klocki_test.elf'
'Invoking: MicroBlaze g++ linker'
mb-g++ -Wl,-T -Wl,../src/lscript.ld -L../../basys3_game_bsp/microblaze_0/lib -mlittle-endian -mxl-barrel-shift -mxl-pattern-compare -mno-xl-soft-div -mcpu=v10.0 -mno-xl-soft-mul -mhard-float -Wl,--no-relax -Wl,--gc-sections -o "klocki_test.elf"  ./src/fpga_interface.o ./src/game.o ./src/line2d.o ./src/main.o ./src/player.o ./src/point2d.o   -Wl,--start-group,-lxil,-lgcc,-lc,-lstdc++,--end-group
'Finished building target: klocki_test.elf'
' '
'Invoking: MicroBlaze Print Size'
mb-size klocki_test.elf  |tee "klocki_test.elf.size"
   text	   data	    bss	    dec	    hex	filename
  31402	   1596	  12178	  45176	   b078	klocki_test.elf
'Finished building: klocki_test.elf.size'
' '
14:13:31 **** Auto Build of configuration Debug for project klocki_test ****
make all 
'Building file: ../src/fpga_interface.c'
'Invoking: MicroBlaze g++ compiler'
mb-g++ -Wall -O0 -g3 -I../../basys3_game_bsp/microblaze_0/include -c -fmessage-length=0 -MT"src/fpga_interface.o" -std=c++17 -mno-xl-reorder -mlittle-endian -mxl-barrel-shift -mxl-pattern-compare -mno-xl-soft-div -mcpu=v10.0 -mno-xl-soft-mul -mhard-float -Wl,--no-relax -ffunction-sections -fdata-sections -MMD -MP -MF"src/fpga_interface.d" -MT"src/fpga_interface.o" -o "src/fpga_interface.o" "../src/fpga_interface.c"
'Finished building: ../src/fpga_interface.c'
' '
'Building target: klocki_test.elf'
'Invoking: MicroBlaze g++ linker'
mb-g++ -Wl,-T -Wl,../src/lscript.ld -L../../basys3_game_bsp/microblaze_0/lib -mlittle-endian -mxl-barrel-shift -mxl-pattern-compare -mno-xl-soft-div -mcpu=v10.0 -mno-xl-soft-mul -mhard-float -Wl,--no-relax -Wl,--gc-sections -o "klocki_test.elf"  ./src/fpga_interface.o ./src/game.o ./src/line2d.o ./src/main.o ./src/player.o ./src/point2d.o   -Wl,--start-group,-lxil,-lgcc,-lc,-lstdc++,--end-group
'Finished building target: klocki_test.elf'
' '
'Invoking: MicroBlaze Print Size'
mb-size klocki_test.elf  |tee "klocki_test.elf.size"
   text	   data	    bss	    dec	    hex	filename
  31286	   1596	  12182	  45064	   b008	klocki_test.elf
'Finished building: klocki_test.elf.size'
' '
