18:49:05 **** Incremental Build of configuration Debug for project klocki_test ****
make all 
make: Nie ma nic do zrobienia w `all'.
18:50:49 **** Auto Build of configuration Debug for project klocki_test ****
make all 
'Building file: ../src/fpga_interface.c'
'Invoking: MicroBlaze g++ compiler'
mb-g++ -Wall -O0 -g3 -I../../basys3_game_bsp/microblaze_0/include -c -fmessage-length=0 -MT"src/fpga_interface.o" -std=c++17 -mno-xl-reorder -mlittle-endian -mxl-barrel-shift -mxl-pattern-compare -mno-xl-soft-div -mcpu=v10.0 -mno-xl-soft-mul -mhard-float -Wl,--no-relax -ffunction-sections -fdata-sections -MMD -MP -MF"src/fpga_interface.d" -MT"src/fpga_interface.o" -o "src/fpga_interface.o" "../src/fpga_interface.c"
'Finished building: ../src/fpga_interface.c'
' '
'Building target: klocki_test.elf'
'Invoking: MicroBlaze g++ linker'
mb-g++ -Wl,-T -Wl,../src/lscript.ld -L../../basys3_game_bsp/microblaze_0/lib -mlittle-endian -mxl-barrel-shift -mxl-pattern-compare -mno-xl-soft-div -mcpu=v10.0 -mno-xl-soft-mul -mhard-float -Wl,--no-relax -Wl,--gc-sections -o "klocki_test.elf"  ./src/fpga_interface.o ./src/game.o ./src/line2d.o ./src/main.o ./src/player.o ./src/point2d.o   -Wl,--start-group,-lxil,-lgcc,-lc,-lstdc++,--end-group
'Finished building target: klocki_test.elf'
' '
'Invoking: MicroBlaze Print Size'
mb-size klocki_test.elf  |tee "klocki_test.elf.size"
   text	   data	    bss	    dec	    hex	filename
  31326	   1596	  12182	  45104	   b030	klocki_test.elf
'Finished building: klocki_test.elf.size'
' '
18:54:24 **** Auto Build of configuration Debug for project klocki_test ****
make all 
'Building file: ../src/fpga_interface.c'
'Invoking: MicroBlaze g++ compiler'
mb-g++ -Wall -O0 -g3 -I../../basys3_game_bsp/microblaze_0/include -c -fmessage-length=0 -MT"src/fpga_interface.o" -std=c++17 -mno-xl-reorder -mlittle-endian -mxl-barrel-shift -mxl-pattern-compare -mno-xl-soft-div -mcpu=v10.0 -mno-xl-soft-mul -mhard-float -Wl,--no-relax -ffunction-sections -fdata-sections -MMD -MP -MF"src/fpga_interface.d" -MT"src/fpga_interface.o" -o "src/fpga_interface.o" "../src/fpga_interface.c"
'Finished building: ../src/fpga_interface.c'
' '
'Building target: klocki_test.elf'
'Invoking: MicroBlaze g++ linker'
mb-g++ -Wl,-T -Wl,../src/lscript.ld -L../../basys3_game_bsp/microblaze_0/lib -mlittle-endian -mxl-barrel-shift -mxl-pattern-compare -mno-xl-soft-div -mcpu=v10.0 -mno-xl-soft-mul -mhard-float -Wl,--no-relax -Wl,--gc-sections -o "klocki_test.elf"  ./src/fpga_interface.o ./src/game.o ./src/line2d.o ./src/main.o ./src/player.o ./src/point2d.o   -Wl,--start-group,-lxil,-lgcc,-lc,-lstdc++,--end-group
'Finished building target: klocki_test.elf'
' '
'Invoking: MicroBlaze Print Size'
mb-size klocki_test.elf  |tee "klocki_test.elf.size"
   text	   data	    bss	    dec	    hex	filename
  31334	   1596	  12182	  45112	   b038	klocki_test.elf
'Finished building: klocki_test.elf.size'
' '
18:57:36 **** Auto Build of configuration Debug for project klocki_test ****
make all 
'Building file: ../src/fpga_interface.c'
'Invoking: MicroBlaze g++ compiler'
mb-g++ -Wall -O0 -g3 -I../../basys3_game_bsp/microblaze_0/include -c -fmessage-length=0 -MT"src/fpga_interface.o" -std=c++17 -mno-xl-reorder -mlittle-endian -mxl-barrel-shift -mxl-pattern-compare -mno-xl-soft-div -mcpu=v10.0 -mno-xl-soft-mul -mhard-float -Wl,--no-relax -ffunction-sections -fdata-sections -MMD -MP -MF"src/fpga_interface.d" -MT"src/fpga_interface.o" -o "src/fpga_interface.o" "../src/fpga_interface.c"
'Finished building: ../src/fpga_interface.c'
' '
'Building target: klocki_test.elf'
'Invoking: MicroBlaze g++ linker'
mb-g++ -Wl,-T -Wl,../src/lscript.ld -L../../basys3_game_bsp/microblaze_0/lib -mlittle-endian -mxl-barrel-shift -mxl-pattern-compare -mno-xl-soft-div -mcpu=v10.0 -mno-xl-soft-mul -mhard-float -Wl,--no-relax -Wl,--gc-sections -o "klocki_test.elf"  ./src/fpga_interface.o ./src/game.o ./src/line2d.o ./src/main.o ./src/player.o ./src/point2d.o   -Wl,--start-group,-lxil,-lgcc,-lc,-lstdc++,--end-group
'Finished building target: klocki_test.elf'
' '
'Invoking: MicroBlaze Print Size'
mb-size klocki_test.elf  |tee "klocki_test.elf.size"
   text	   data	    bss	    dec	    hex	filename
  31334	   1596	  12182	  45112	   b038	klocki_test.elf
'Finished building: klocki_test.elf.size'
' '
18:58:28 **** Auto Build of configuration Debug for project klocki_test ****
make all 
'Building file: ../src/fpga_interface.c'
'Invoking: MicroBlaze g++ compiler'
mb-g++ -Wall -O0 -g3 -I../../basys3_game_bsp/microblaze_0/include -c -fmessage-length=0 -MT"src/fpga_interface.o" -std=c++17 -mno-xl-reorder -mlittle-endian -mxl-barrel-shift -mxl-pattern-compare -mno-xl-soft-div -mcpu=v10.0 -mno-xl-soft-mul -mhard-float -Wl,--no-relax -ffunction-sections -fdata-sections -MMD -MP -MF"src/fpga_interface.d" -MT"src/fpga_interface.o" -o "src/fpga_interface.o" "../src/fpga_interface.c"
'Finished building: ../src/fpga_interface.c'
' '
'Building target: klocki_test.elf'
'Invoking: MicroBlaze g++ linker'
mb-g++ -Wl,-T -Wl,../src/lscript.ld -L../../basys3_game_bsp/microblaze_0/lib -mlittle-endian -mxl-barrel-shift -mxl-pattern-compare -mno-xl-soft-div -mcpu=v10.0 -mno-xl-soft-mul -mhard-float -Wl,--no-relax -Wl,--gc-sections -o "klocki_test.elf"  ./src/fpga_interface.o ./src/game.o ./src/line2d.o ./src/main.o ./src/player.o ./src/point2d.o   -Wl,--start-group,-lxil,-lgcc,-lc,-lstdc++,--end-group
'Finished building target: klocki_test.elf'
' '
'Invoking: MicroBlaze Print Size'
mb-size klocki_test.elf  |tee "klocki_test.elf.size"
   text	   data	    bss	    dec	    hex	filename
  31306	   1596	  12178	  45080	   b018	klocki_test.elf
'Finished building: klocki_test.elf.size'
' '
18:58:58 **** Auto Build of configuration Debug for project klocki_test ****
make all 
'Building file: ../src/fpga_interface.c'
'Invoking: MicroBlaze g++ compiler'
mb-g++ -Wall -O0 -g3 -I../../basys3_game_bsp/microblaze_0/include -c -fmessage-length=0 -MT"src/fpga_interface.o" -std=c++17 -mno-xl-reorder -mlittle-endian -mxl-barrel-shift -mxl-pattern-compare -mno-xl-soft-div -mcpu=v10.0 -mno-xl-soft-mul -mhard-float -Wl,--no-relax -ffunction-sections -fdata-sections -MMD -MP -MF"src/fpga_interface.d" -MT"src/fpga_interface.o" -o "src/fpga_interface.o" "../src/fpga_interface.c"
'Finished building: ../src/fpga_interface.c'
' '
'Building target: klocki_test.elf'
'Invoking: MicroBlaze g++ linker'
mb-g++ -Wl,-T -Wl,../src/lscript.ld -L../../basys3_game_bsp/microblaze_0/lib -mlittle-endian -mxl-barrel-shift -mxl-pattern-compare -mno-xl-soft-div -mcpu=v10.0 -mno-xl-soft-mul -mhard-float -Wl,--no-relax -Wl,--gc-sections -o "klocki_test.elf"  ./src/fpga_interface.o ./src/game.o ./src/line2d.o ./src/main.o ./src/player.o ./src/point2d.o   -Wl,--start-group,-lxil,-lgcc,-lc,-lstdc++,--end-group
'Finished building target: klocki_test.elf'
' '
'Invoking: MicroBlaze Print Size'
mb-size klocki_test.elf  |tee "klocki_test.elf.size"
   text	   data	    bss	    dec	    hex	filename
  31282	   1596	  12178	  45056	   b000	klocki_test.elf
'Finished building: klocki_test.elf.size'
' '
18:59:56 **** Auto Build of configuration Debug for project klocki_test ****
make all 
'Building file: ../src/fpga_interface.c'
'Invoking: MicroBlaze g++ compiler'
mb-g++ -Wall -O0 -g3 -I../../basys3_game_bsp/microblaze_0/include -c -fmessage-length=0 -MT"src/fpga_interface.o" -std=c++17 -mno-xl-reorder -mlittle-endian -mxl-barrel-shift -mxl-pattern-compare -mno-xl-soft-div -mcpu=v10.0 -mno-xl-soft-mul -mhard-float -Wl,--no-relax -ffunction-sections -fdata-sections -MMD -MP -MF"src/fpga_interface.d" -MT"src/fpga_interface.o" -o "src/fpga_interface.o" "../src/fpga_interface.c"
'Finished building: ../src/fpga_interface.c'
' '
'Building target: klocki_test.elf'
'Invoking: MicroBlaze g++ linker'
mb-g++ -Wl,-T -Wl,../src/lscript.ld -L../../basys3_game_bsp/microblaze_0/lib -mlittle-endian -mxl-barrel-shift -mxl-pattern-compare -mno-xl-soft-div -mcpu=v10.0 -mno-xl-soft-mul -mhard-float -Wl,--no-relax -Wl,--gc-sections -o "klocki_test.elf"  ./src/fpga_interface.o ./src/game.o ./src/line2d.o ./src/main.o ./src/player.o ./src/point2d.o   -Wl,--start-group,-lxil,-lgcc,-lc,-lstdc++,--end-group
'Finished building target: klocki_test.elf'
' '
'Invoking: MicroBlaze Print Size'
mb-size klocki_test.elf  |tee "klocki_test.elf.size"
   text	   data	    bss	    dec	    hex	filename
  31334	   1596	  12182	  45112	   b038	klocki_test.elf
'Finished building: klocki_test.elf.size'
' '
13:13:32 **** Auto Build of configuration Debug for project klocki_test ****
make all 
'Building file: ../src/fpga_interface.c'
'Invoking: MicroBlaze g++ compiler'
mb-g++ -Wall -O0 -g3 -I../../basys3_game_bsp/microblaze_0/include -c -fmessage-length=0 -MT"src/fpga_interface.o" -std=c++17 -mno-xl-reorder -mlittle-endian -mxl-barrel-shift -mxl-pattern-compare -mno-xl-soft-div -mcpu=v10.0 -mno-xl-soft-mul -mhard-float -Wl,--no-relax -ffunction-sections -fdata-sections -MMD -MP -MF"src/fpga_interface.d" -MT"src/fpga_interface.o" -o "src/fpga_interface.o" "../src/fpga_interface.c"
'Finished building: ../src/fpga_interface.c'
' '
'Building target: klocki_test.elf'
'Invoking: MicroBlaze g++ linker'
mb-g++ -Wl,-T -Wl,../src/lscript.ld -L../../basys3_game_bsp/microblaze_0/lib -mlittle-endian -mxl-barrel-shift -mxl-pattern-compare -mno-xl-soft-div -mcpu=v10.0 -mno-xl-soft-mul -mhard-float -Wl,--no-relax -Wl,--gc-sections -o "klocki_test.elf"  ./src/fpga_interface.o ./src/game.o ./src/line2d.o ./src/main.o ./src/player.o ./src/point2d.o   -Wl,--start-group,-lxil,-lgcc,-lc,-lstdc++,--end-group
'Finished building target: klocki_test.elf'
' '
'Invoking: MicroBlaze Print Size'
mb-size klocki_test.elf  |tee "klocki_test.elf.size"
   text	   data	    bss	    dec	    hex	filename
  31286	   1596	  12182	  45064	   b008	klocki_test.elf
'Finished building: klocki_test.elf.size'
' '
13:13:55 **** Auto Build of configuration Debug for project klocki_test ****
make all 
'Building file: ../src/fpga_interface.c'
'Invoking: MicroBlaze g++ compiler'
mb-g++ -Wall -O0 -g3 -I../../basys3_game_bsp/microblaze_0/include -c -fmessage-length=0 -MT"src/fpga_interface.o" -std=c++17 -mno-xl-reorder -mlittle-endian -mxl-barrel-shift -mxl-pattern-compare -mno-xl-soft-div -mcpu=v10.0 -mno-xl-soft-mul -mhard-float -Wl,--no-relax -ffunction-sections -fdata-sections -MMD -MP -MF"src/fpga_interface.d" -MT"src/fpga_interface.o" -o "src/fpga_interface.o" "../src/fpga_interface.c"
'Finished building: ../src/fpga_interface.c'
' '
'Building target: klocki_test.elf'
'Invoking: MicroBlaze g++ linker'
mb-g++ -Wl,-T -Wl,../src/lscript.ld -L../../basys3_game_bsp/microblaze_0/lib -mlittle-endian -mxl-barrel-shift -mxl-pattern-compare -mno-xl-soft-div -mcpu=v10.0 -mno-xl-soft-mul -mhard-float -Wl,--no-relax -Wl,--gc-sections -o "klocki_test.elf"  ./src/fpga_interface.o ./src/game.o ./src/line2d.o ./src/main.o ./src/player.o ./src/point2d.o   -Wl,--start-group,-lxil,-lgcc,-lc,-lstdc++,--end-group
'Finished building target: klocki_test.elf'
' '
'Invoking: MicroBlaze Print Size'
mb-size klocki_test.elf  |tee "klocki_test.elf.size"
   text	   data	    bss	    dec	    hex	filename
  31286	   1596	  12182	  45064	   b008	klocki_test.elf
'Finished building: klocki_test.elf.size'
' '
13:14:44 **** Auto Build of configuration Debug for project klocki_test ****
make all 
'Building file: ../src/fpga_interface.c'
'Invoking: MicroBlaze g++ compiler'
mb-g++ -Wall -O0 -g3 -I../../basys3_game_bsp/microblaze_0/include -c -fmessage-length=0 -MT"src/fpga_interface.o" -std=c++17 -mno-xl-reorder -mlittle-endian -mxl-barrel-shift -mxl-pattern-compare -mno-xl-soft-div -mcpu=v10.0 -mno-xl-soft-mul -mhard-float -Wl,--no-relax -ffunction-sections -fdata-sections -MMD -MP -MF"src/fpga_interface.d" -MT"src/fpga_interface.o" -o "src/fpga_interface.o" "../src/fpga_interface.c"
'Finished building: ../src/fpga_interface.c'
' '
'Building target: klocki_test.elf'
'Invoking: MicroBlaze g++ linker'
mb-g++ -Wl,-T -Wl,../src/lscript.ld -L../../basys3_game_bsp/microblaze_0/lib -mlittle-endian -mxl-barrel-shift -mxl-pattern-compare -mno-xl-soft-div -mcpu=v10.0 -mno-xl-soft-mul -mhard-float -Wl,--no-relax -Wl,--gc-sections -o "klocki_test.elf"  ./src/fpga_interface.o ./src/game.o ./src/line2d.o ./src/main.o ./src/player.o ./src/point2d.o   -Wl,--start-group,-lxil,-lgcc,-lc,-lstdc++,--end-group
'Finished building target: klocki_test.elf'
' '
'Invoking: MicroBlaze Print Size'
mb-size klocki_test.elf  |tee "klocki_test.elf.size"
   text	   data	    bss	    dec	    hex	filename
  31286	   1596	  12182	  45064	   b008	klocki_test.elf
'Finished building: klocki_test.elf.size'
' '
13:15:34 **** Auto Build of configuration Debug for project klocki_test ****
make all 
'Building file: ../src/fpga_interface.c'
'Invoking: MicroBlaze g++ compiler'
mb-g++ -Wall -O0 -g3 -I../../basys3_game_bsp/microblaze_0/include -c -fmessage-length=0 -MT"src/fpga_interface.o" -std=c++17 -mno-xl-reorder -mlittle-endian -mxl-barrel-shift -mxl-pattern-compare -mno-xl-soft-div -mcpu=v10.0 -mno-xl-soft-mul -mhard-float -Wl,--no-relax -ffunction-sections -fdata-sections -MMD -MP -MF"src/fpga_interface.d" -MT"src/fpga_interface.o" -o "src/fpga_interface.o" "../src/fpga_interface.c"
'Finished building: ../src/fpga_interface.c'
' '
'Building target: klocki_test.elf'
'Invoking: MicroBlaze g++ linker'
mb-g++ -Wl,-T -Wl,../src/lscript.ld -L../../basys3_game_bsp/microblaze_0/lib -mlittle-endian -mxl-barrel-shift -mxl-pattern-compare -mno-xl-soft-div -mcpu=v10.0 -mno-xl-soft-mul -mhard-float -Wl,--no-relax -Wl,--gc-sections -o "klocki_test.elf"  ./src/fpga_interface.o ./src/game.o ./src/line2d.o ./src/main.o ./src/player.o ./src/point2d.o   -Wl,--start-group,-lxil,-lgcc,-lc,-lstdc++,--end-group
'Finished building target: klocki_test.elf'
' '
'Invoking: MicroBlaze Print Size'
mb-size klocki_test.elf  |tee "klocki_test.elf.size"
   text	   data	    bss	    dec	    hex	filename
  31334	   1596	  12182	  45112	   b038	klocki_test.elf
'Finished building: klocki_test.elf.size'
' '
14:11:34 **** Auto Build of configuration Debug for project klocki_test ****
make all 
'Building file: ../src/fpga_interface.c'
'Invoking: MicroBlaze g++ compiler'
mb-g++ -Wall -O0 -g3 -I../../basys3_game_bsp/microblaze_0/include -c -fmessage-length=0 -MT"src/fpga_interface.o" -std=c++17 -mno-xl-reorder -mlittle-endian -mxl-barrel-shift -mxl-pattern-compare -mno-xl-soft-div -mcpu=v10.0 -mno-xl-soft-mul -mhard-float -Wl,--no-relax -ffunction-sections -fdata-sections -MMD -MP -MF"src/fpga_interface.d" -MT"src/fpga_interface.o" -o "src/fpga_interface.o" "../src/fpga_interface.c"
'Finished building: ../src/fpga_interface.c'
' '
'Building target: klocki_test.elf'
'Invoking: MicroBlaze g++ linker'
mb-g++ -Wl,-T -Wl,../src/lscript.ld -L../../basys3_game_bsp/microblaze_0/lib -mlittle-endian -mxl-barrel-shift -mxl-pattern-compare -mno-xl-soft-div -mcpu=v10.0 -mno-xl-soft-mul -mhard-float -Wl,--no-relax -Wl,--gc-sections -o "klocki_test.elf"  ./src/fpga_interface.o ./src/game.o ./src/line2d.o ./src/main.o ./src/player.o ./src/point2d.o   -Wl,--start-group,-lxil,-lgcc,-lc,-lstdc++,--end-group
'Finished building target: klocki_test.elf'
' '
'Invoking: MicroBlaze Print Size'
mb-size klocki_test.elf  |tee "klocki_test.elf.size"
   text	   data	    bss	    dec	    hex	filename
  31334	   1596	  12182	  45112	   b038	klocki_test.elf
'Finished building: klocki_test.elf.size'
' '
14:12:14 **** Auto Build of configuration Debug for project klocki_test ****
make all 
'Building file: ../src/fpga_interface.c'
'Invoking: MicroBlaze g++ compiler'
mb-g++ -Wall -O0 -g3 -I../../basys3_game_bsp/microblaze_0/include -c -fmessage-length=0 -MT"src/fpga_interface.o" -std=c++17 -mno-xl-reorder -mlittle-endian -mxl-barrel-shift -mxl-pattern-compare -mno-xl-soft-div -mcpu=v10.0 -mno-xl-soft-mul -mhard-float -Wl,--no-relax -ffunction-sections -fdata-sections -MMD -MP -MF"src/fpga_interface.d" -MT"src/fpga_interface.o" -o "src/fpga_interface.o" "../src/fpga_interface.c"
'Finished building: ../src/fpga_interface.c'
' '
'Building target: klocki_test.elf'
'Invoking: MicroBlaze g++ linker'
mb-g++ -Wl,-T -Wl,../src/lscript.ld -L../../basys3_game_bsp/microblaze_0/lib -mlittle-endian -mxl-barrel-shift -mxl-pattern-compare -mno-xl-soft-div -mcpu=v10.0 -mno-xl-soft-mul -mhard-float -Wl,--no-relax -Wl,--gc-sections -o "klocki_test.elf"  ./src/fpga_interface.o ./src/game.o ./src/line2d.o ./src/main.o ./src/player.o ./src/point2d.o   -Wl,--start-group,-lxil,-lgcc,-lc,-lstdc++,--end-group
'Finished building target: klocki_test.elf'
' '
'Invoking: MicroBlaze Print Size'
mb-size klocki_test.elf  |tee "klocki_test.elf.size"
   text	   data	    bss	    dec	    hex	filename
  31374	   1596	  12182	  45152	   b060	klocki_test.elf
'Finished building: klocki_test.elf.size'
' '
14:12:39 **** Auto Build of configuration Debug for project klocki_test ****
make all 
'Building file: ../src/fpga_interface.c'
'Invoking: MicroBlaze g++ compiler'
mb-g++ -Wall -O0 -g3 -I../../basys3_game_bsp/microblaze_0/include -c -fmessage-length=0 -MT"src/fpga_interface.o" -std=c++17 -mno-xl-reorder -mlittle-endian -mxl-barrel-shift -mxl-pattern-compare -mno-xl-soft-div -mcpu=v10.0 -mno-xl-soft-mul -mhard-float -Wl,--no-relax -ffunction-sections -fdata-sections -MMD -MP -MF"src/fpga_interface.d" -MT"src/fpga_interface.o" -o "src/fpga_interface.o" "../src/fpga_interface.c"
'Finished building: ../src/fpga_interface.c'
' '
'Building target: klocki_test.elf'
'Invoking: MicroBlaze g++ linker'
mb-g++ -Wl,-T -Wl,../src/lscript.ld -L../../basys3_game_bsp/microblaze_0/lib -mlittle-endian -mxl-barrel-shift -mxl-pattern-compare -mno-xl-soft-div -mcpu=v10.0 -mno-xl-soft-mul -mhard-float -Wl,--no-relax -Wl,--gc-sections -o "klocki_test.elf"  ./src/fpga_interface.o ./src/game.o ./src/line2d.o ./src/main.o ./src/player.o ./src/point2d.o   -Wl,--start-group,-lxil,-lgcc,-lc,-lstdc++,--end-group
'Finished building target: klocki_test.elf'
' '
'Invoking: MicroBlaze Print Size'
mb-size klocki_test.elf  |tee "klocki_test.elf.size"
   text	   data	    bss	    dec	    hex	filename
  31402	   1596	  12178	  45176	   b078	klocki_test.elf
'Finished building: klocki_test.elf.size'
' '
14:13:01 **** Auto Build of configuration Debug for project klocki_test ****
make all 
'Building file: ../src/fpga_interface.c'
'Invoking: MicroBlaze g++ compiler'
mb-g++ -Wall -O0 -g3 -I../../basys3_game_bsp/microblaze_0/include -c -fmessage-length=0 -MT"src/fpga_interface.o" -std=c++17 -mno-xl-reorder -mlittle-endian -mxl-barrel-shift -mxl-pattern-compare -mno-xl-soft-div -mcpu=v10.0 -mno-xl-soft-mul -mhard-float -Wl,--no-relax -ffunction-sections -fdata-sections -MMD -MP -MF"src/fpga_interface.d" -MT"src/fpga_interface.o" -o "src/fpga_interface.o" "../src/fpga_interface.c"
'Finished building: ../src/fpga_interface.c'
' '
'Building target: klocki_test.elf'
'Invoking: MicroBlaze g++ linker'
mb-g++ -Wl,-T -Wl,../src/lscript.ld -L../../basys3_game_bsp/microblaze_0/lib -mlittle-endian -mxl-barrel-shift -mxl-pattern-compare -mno-xl-soft-div -mcpu=v10.0 -mno-xl-soft-mul -mhard-float -Wl,--no-relax -Wl,--gc-sections -o "klocki_test.elf"  ./src/fpga_interface.o ./src/game.o ./src/line2d.o ./src/main.o ./src/player.o ./src/point2d.o   -Wl,--start-group,-lxil,-lgcc,-lc,-lstdc++,--end-group
'Finished building target: klocki_test.elf'
' '
'Invoking: MicroBlaze Print Size'
mb-size klocki_test.elf  |tee "klocki_test.elf.size"
   text	   data	    bss	    dec	    hex	filename
  31402	   1596	  12178	  45176	   b078	klocki_test.elf
'Finished building: klocki_test.elf.size'
' '
14:13:31 **** Auto Build of configuration Debug for project klocki_test ****
make all 
'Building file: ../src/fpga_interface.c'
'Invoking: MicroBlaze g++ compiler'
mb-g++ -Wall -O0 -g3 -I../../basys3_game_bsp/microblaze_0/include -c -fmessage-length=0 -MT"src/fpga_interface.o" -std=c++17 -mno-xl-reorder -mlittle-endian -mxl-barrel-shift -mxl-pattern-compare -mno-xl-soft-div -mcpu=v10.0 -mno-xl-soft-mul -mhard-float -Wl,--no-relax -ffunction-sections -fdata-sections -MMD -MP -MF"src/fpga_interface.d" -MT"src/fpga_interface.o" -o "src/fpga_interface.o" "../src/fpga_interface.c"
'Finished building: ../src/fpga_interface.c'
' '
'Building target: klocki_test.elf'
'Invoking: MicroBlaze g++ linker'
mb-g++ -Wl,-T -Wl,../src/lscript.ld -L../../basys3_game_bsp/microblaze_0/lib -mlittle-endian -mxl-barrel-shift -mxl-pattern-compare -mno-xl-soft-div -mcpu=v10.0 -mno-xl-soft-mul -mhard-float -Wl,--no-relax -Wl,--gc-sections -o "klocki_test.elf"  ./src/fpga_interface.o ./src/game.o ./src/line2d.o ./src/main.o ./src/player.o ./src/point2d.o   -Wl,--start-group,-lxil,-lgcc,-lc,-lstdc++,--end-group
'Finished building target: klocki_test.elf'
' '
'Invoking: MicroBlaze Print Size'
mb-size klocki_test.elf  |tee "klocki_test.elf.size"
   text	   data	    bss	    dec	    hex	filename
  31286	   1596	  12182	  45064	   b008	klocki_test.elf
'Finished building: klocki_test.elf.size'
' '
19:36:15 **** Auto Build of configuration Debug for project klocki_test ****
make all 
make: Nie ma nic do zrobienia w `all'.
19:37:14 **** Auto Build of configuration Debug for project klocki_test ****
make all 
'Building file: ../src/main.cc'
'Invoking: MicroBlaze g++ compiler'
mb-g++ -Wall -O0 -g3 -I../../basys3_game_bsp/microblaze_0/include -c -fmessage-length=0 -MT"src/main.o" -std=c++17 -mno-xl-reorder -mlittle-endian -mxl-barrel-shift -mxl-pattern-compare -mno-xl-soft-div -mcpu=v10.0 -mno-xl-soft-mul -mhard-float -Wl,--no-relax -ffunction-sections -fdata-sections -MMD -MP -MF"src/main.d" -MT"src/main.o" -o "src/main.o" "../src/main.cc"
'Finished building: ../src/main.cc'
' '
'Building target: klocki_test.elf'
'Invoking: MicroBlaze g++ linker'
mb-g++ -Wl,-T -Wl,../src/lscript.ld -L../../basys3_game_bsp/microblaze_0/lib -mlittle-endian -mxl-barrel-shift -mxl-pattern-compare -mno-xl-soft-div -mcpu=v10.0 -mno-xl-soft-mul -mhard-float -Wl,--no-relax -Wl,--gc-sections -o "klocki_test.elf"  ./src/fpga_interface.o ./src/game.o ./src/line2d.o ./src/main.o ./src/player.o ./src/point2d.o   -Wl,--start-group,-lxil,-lgcc,-lc,-lstdc++,--end-group
'Finished building target: klocki_test.elf'
' '
'Invoking: MicroBlaze Print Size'
mb-size klocki_test.elf  |tee "klocki_test.elf.size"
   text	   data	    bss	    dec	    hex	filename
  31286	   1596	  12182	  45064	   b008	klocki_test.elf
'Finished building: klocki_test.elf.size'
' '
19:41:43 **** Auto Build of project basys3_game_bsp ****
make -k all 
"Running Make include in microblaze_0/libsrc/axidma_v9_7/src"
make -C microblaze_0/libsrc/axidma_v9_7/src -s include  "SHELL=CMD" "COMPILER=mb-gcc" "ARCHIVER=mb-ar" "COMPILER_FLAGS=  -O2 -c -mcpu=v10.0 -mhard-float -mlittle-endian -mno-xl-reorder -mno-xl-soft-div -mno-xl-soft-mul -mxl-barrel-shift -mxl-pattern-compare" "EXTRA_COMPILER_FLAGS=-ffunction-sections -fdata-sections -Wall -Wextra"
"Running Make include in microblaze_0/libsrc/bram_v4_2/src"
make -C microblaze_0/libsrc/bram_v4_2/src -s include  "SHELL=CMD" "COMPILER=mb-gcc" "ARCHIVER=mb-ar" "COMPILER_FLAGS=  -O2 -c -mcpu=v10.0 -mhard-float -mlittle-endian -mno-xl-reorder -mno-xl-soft-div -mno-xl-soft-mul -mxl-barrel-shift -mxl-pattern-compare" "EXTRA_COMPILER_FLAGS=-ffunction-sections -fdata-sections -Wall -Wextra"
"Running Make include in microblaze_0/libsrc/cpu_v2_7/src"
make -C microblaze_0/libsrc/cpu_v2_7/src -s include  "SHELL=CMD" "COMPILER=mb-gcc" "ARCHIVER=mb-ar" "COMPILER_FLAGS=  -O2 -c -mcpu=v10.0 -mhard-float -mlittle-endian -mno-xl-reorder -mno-xl-soft-div -mno-xl-soft-mul -mxl-barrel-shift -mxl-pattern-compare" "EXTRA_COMPILER_FLAGS=-ffunction-sections -fdata-sections -Wall -Wextra"
"Running Make include in microblaze_0/libsrc/intc_v3_7/src"
make -C microblaze_0/libsrc/intc_v3_7/src -s include  "SHELL=CMD" "COMPILER=mb-gcc" "ARCHIVER=mb-ar" "COMPILER_FLAGS=  -O2 -c -mcpu=v10.0 -mhard-float -mlittle-endian -mno-xl-reorder -mno-xl-soft-div -mno-xl-soft-mul -mxl-barrel-shift -mxl-pattern-compare" "EXTRA_COMPILER_FLAGS=-ffunction-sections -fdata-sections -Wall -Wextra"
"Running Make include in microblaze_0/libsrc/KeyboardController_v1_0/src"
make -C microblaze_0/libsrc/KeyboardController_v1_0/src -s include  "SHELL=CMD" "COMPILER=mb-gcc" "ARCHIVER=mb-ar" "COMPILER_FLAGS=  -O2 -c -mcpu=v10.0 -mhard-float -mlittle-endian -mno-xl-reorder -mno-xl-soft-div -mno-xl-soft-mul -mxl-barrel-shift -mxl-pattern-compare" "EXTRA_COMPILER_FLAGS=-ffunction-sections -fdata-sections -Wall -Wextra"
"Running Make include in microblaze_0/libsrc/standalone_v6_7/src"
make -C microblaze_0/libsrc/standalone_v6_7/src -s include  "SHELL=CMD" "COMPILER=mb-gcc" "ARCHIVER=mb-ar" "COMPILER_FLAGS=  -O2 -c -mcpu=v10.0 -mhard-float -mlittle-endian -mno-xl-reorder -mno-xl-soft-div -mno-xl-soft-mul -mxl-barrel-shift -mxl-pattern-compare" "EXTRA_COMPILER_FLAGS=-ffunction-sections -fdata-sections -Wall -Wextra"
"Running Make include in microblaze_0/libsrc/TextBlock_v1_0/src"
make -C microblaze_0/libsrc/TextBlock_v1_0/src -s include  "SHELL=CMD" "COMPILER=mb-gcc" "ARCHIVER=mb-ar" "COMPILER_FLAGS=  -O2 -c -mcpu=v10.0 -mhard-float -mlittle-endian -mno-xl-reorder -mno-xl-soft-div -mno-xl-soft-mul -mxl-barrel-shift -mxl-pattern-compare" "EXTRA_COMPILER_FLAGS=-ffunction-sections -fdata-sections -Wall -Wextra"
"Running Make include in microblaze_0/libsrc/tmrctr_v4_4/src"
make -C microblaze_0/libsrc/tmrctr_v4_4/src -s include  "SHELL=CMD" "COMPILER=mb-gcc" "ARCHIVER=mb-ar" "COMPILER_FLAGS=  -O2 -c -mcpu=v10.0 -mhard-float -mlittle-endian -mno-xl-reorder -mno-xl-soft-div -mno-xl-soft-mul -mxl-barrel-shift -mxl-pattern-compare" "EXTRA_COMPILER_FLAGS=-ffunction-sections -fdata-sections -Wall -Wextra"
"Running Make include in microblaze_0/libsrc/uartlite_v3_2/src"
make -C microblaze_0/libsrc/uartlite_v3_2/src -s include  "SHELL=CMD" "COMPILER=mb-gcc" "ARCHIVER=mb-ar" "COMPILER_FLAGS=  -O2 -c -mcpu=v10.0 -mhard-float -mlittle-endian -mno-xl-reorder -mno-xl-soft-div -mno-xl-soft-mul -mxl-barrel-shift -mxl-pattern-compare" "EXTRA_COMPILER_FLAGS=-ffunction-sections -fdata-sections -Wall -Wextra"
"Running Make include in microblaze_0/libsrc/vga_background_v1_0/src"
make -C microblaze_0/libsrc/vga_background_v1_0/src -s include  "SHELL=CMD" "COMPILER=mb-gcc" "ARCHIVER=mb-ar" "COMPILER_FLAGS=  -O2 -c -mcpu=v10.0 -mhard-float -mlittle-endian -mno-xl-reorder -mno-xl-soft-div -mno-xl-soft-mul -mxl-barrel-shift -mxl-pattern-compare" "EXTRA_COMPILER_FLAGS=-ffunction-sections -fdata-sections -Wall -Wextra"
"Running Make include in microblaze_0/libsrc/vga_block_v1_0/src"
make -C microblaze_0/libsrc/vga_block_v1_0/src -s include  "SHELL=CMD" "COMPILER=mb-gcc" "ARCHIVER=mb-ar" "COMPILER_FLAGS=  -O2 -c -mcpu=v10.0 -mhard-float -mlittle-endian -mno-xl-reorder -mno-xl-soft-div -mno-xl-soft-mul -mxl-barrel-shift -mxl-pattern-compare" "EXTRA_COMPILER_FLAGS=-ffunction-sections -fdata-sections -Wall -Wextra"
"Running Make libs in microblaze_0/libsrc/axidma_v9_7/src"
make -C microblaze_0/libsrc/axidma_v9_7/src -s libs  "SHELL=CMD" "COMPILER=mb-gcc" "ARCHIVER=mb-ar" "COMPILER_FLAGS=  -O2 -c -mcpu=v10.0 -mhard-float -mlittle-endian -mno-xl-reorder -mno-xl-soft-div -mno-xl-soft-mul -mxl-barrel-shift -mxl-pattern-compare" "EXTRA_COMPILER_FLAGS=-ffunction-sections -fdata-sections -Wall -Wextra"
"Compiling axidma"
"Running Make libs in microblaze_0/libsrc/bram_v4_2/src"
make -C microblaze_0/libsrc/bram_v4_2/src -s libs  "SHELL=CMD" "COMPILER=mb-gcc" "ARCHIVER=mb-ar" "COMPILER_FLAGS=  -O2 -c -mcpu=v10.0 -mhard-float -mlittle-endian -mno-xl-reorder -mno-xl-soft-div -mno-xl-soft-mul -mxl-barrel-shift -mxl-pattern-compare" "EXTRA_COMPILER_FLAGS=-ffunction-sections -fdata-sections -Wall -Wextra"
"Compiling bram"
"Running Make libs in microblaze_0/libsrc/cpu_v2_7/src"
make -C microblaze_0/libsrc/cpu_v2_7/src -s libs  "SHELL=CMD" "COMPILER=mb-gcc" "ARCHIVER=mb-ar" "COMPILER_FLAGS=  -O2 -c -mcpu=v10.0 -mhard-float -mlittle-endian -mno-xl-reorder -mno-xl-soft-div -mno-xl-soft-mul -mxl-barrel-shift -mxl-pattern-compare" "EXTRA_COMPILER_FLAGS=-ffunction-sections -fdata-sections -Wall -Wextra"
"Compiling cpu"
"Running Make libs in microblaze_0/libsrc/intc_v3_7/src"
make -C microblaze_0/libsrc/intc_v3_7/src -s libs  "SHELL=CMD" "COMPILER=mb-gcc" "ARCHIVER=mb-ar" "COMPILER_FLAGS=  -O2 -c -mcpu=v10.0 -mhard-float -mlittle-endian -mno-xl-reorder -mno-xl-soft-div -mno-xl-soft-mul -mxl-barrel-shift -mxl-pattern-compare" "EXTRA_COMPILER_FLAGS=-ffunction-sections -fdata-sections -Wall -Wextra"
"Compiling intc"
"Running Make libs in microblaze_0/libsrc/KeyboardController_v1_0/src"
make -C microblaze_0/libsrc/KeyboardController_v1_0/src -s libs  "SHELL=CMD" "COMPILER=mb-gcc" "ARCHIVER=mb-ar" "COMPILER_FLAGS=  -O2 -c -mcpu=v10.0 -mhard-float -mlittle-endian -mno-xl-reorder -mno-xl-soft-div -mno-xl-soft-mul -mxl-barrel-shift -mxl-pattern-compare" "EXTRA_COMPILER_FLAGS=-ffunction-sections -fdata-sections -Wall -Wextra"
"Compiling KeyboardController..."
KeyboardController_selftest.c: In function 'KEYBOARDCONTROLLER_Reg_SelfTest':
KeyboardController_selftest.c:52:67: warning: comparison between signed and unsigned integer expressions [-Wsign-compare]
    if ( KEYBOARDCONTROLLER_mReadReg (baseaddr, read_loop_index*4) != (read_loop_index+1)*READ_WRITE_MUL_FACTOR){
                                                                   ^~
KeyboardController_selftest.c:36:6: warning: unused variable 'Index' [-Wunused-variable]
  int Index;
      ^~~~~
"Running Make libs in microblaze_0/libsrc/standalone_v6_7/src"
make -C microblaze_0/libsrc/standalone_v6_7/src -s libs  "SHELL=CMD" "COMPILER=mb-gcc" "ARCHIVER=mb-ar" "COMPILER_FLAGS=  -O2 -c -mcpu=v10.0 -mhard-float -mlittle-endian -mno-xl-reorder -mno-xl-soft-div -mno-xl-soft-mul -mxl-barrel-shift -mxl-pattern-compare" "EXTRA_COMPILER_FLAGS=-ffunction-sections -fdata-sections -Wall -Wextra"
"Compiling standalone";
microblaze_sleep.c:69:2: warning: #warning "May wait for more than the specified delay" [-Wcpp]
 #warning "May wait for more than the specified delay"
  ^~~~~~~
"Running Make libs in microblaze_0/libsrc/TextBlock_v1_0/src"
make -C microblaze_0/libsrc/TextBlock_v1_0/src -s libs  "SHELL=CMD" "COMPILER=mb-gcc" "ARCHIVER=mb-ar" "COMPILER_FLAGS=  -O2 -c -mcpu=v10.0 -mhard-float -mlittle-endian -mno-xl-reorder -mno-xl-soft-div -mno-xl-soft-mul -mxl-barrel-shift -mxl-pattern-compare" "EXTRA_COMPILER_FLAGS=-ffunction-sections -fdata-sections -Wall -Wextra"
"Compiling TextBlock..."
TextBlock_selftest.c: In function 'TEXTBLOCK_Reg_SelfTest':
TextBlock_selftest.c:52:58: warning: comparison between signed and unsigned integer expressions [-Wsign-compare]
    if ( TEXTBLOCK_mReadReg (baseaddr, read_loop_index*4) != (read_loop_index+1)*READ_WRITE_MUL_FACTOR){
                                                          ^~
TextBlock_selftest.c:36:6: warning: unused variable 'Index' [-Wunused-variable]
  int Index;
      ^~~~~
"Running Make libs in microblaze_0/libsrc/tmrctr_v4_4/src"
make -C microblaze_0/libsrc/tmrctr_v4_4/src -s libs  "SHELL=CMD" "COMPILER=mb-gcc" "ARCHIVER=mb-ar" "COMPILER_FLAGS=  -O2 -c -mcpu=v10.0 -mhard-float -mlittle-endian -mno-xl-reorder -mno-xl-soft-div -mno-xl-soft-mul -mxl-barrel-shift -mxl-pattern-compare" "EXTRA_COMPILER_FLAGS=-ffunction-sections -fdata-sections -Wall -Wextra"
"Compiling tmrctr"
"Running Make libs in microblaze_0/libsrc/uartlite_v3_2/src"
make -C microblaze_0/libsrc/uartlite_v3_2/src -s libs  "SHELL=CMD" "COMPILER=mb-gcc" "ARCHIVER=mb-ar" "COMPILER_FLAGS=  -O2 -c -mcpu=v10.0 -mhard-float -mlittle-endian -mno-xl-reorder -mno-xl-soft-div -mno-xl-soft-mul -mxl-barrel-shift -mxl-pattern-compare" "EXTRA_COMPILER_FLAGS=-ffunction-sections -fdata-sections -Wall -Wextra"
"Compiling uartlite"
"Running Make libs in microblaze_0/libsrc/vga_background_v1_0/src"
make -C microblaze_0/libsrc/vga_background_v1_0/src -s libs  "SHELL=CMD" "COMPILER=mb-gcc" "ARCHIVER=mb-ar" "COMPILER_FLAGS=  -O2 -c -mcpu=v10.0 -mhard-float -mlittle-endian -mno-xl-reorder -mno-xl-soft-div -mno-xl-soft-mul -mxl-barrel-shift -mxl-pattern-compare" "EXTRA_COMPILER_FLAGS=-ffunction-sections -fdata-sections -Wall -Wextra"
"Compiling vga_background..."
vga_background_selftest.c: In function 'VGA_BACKGROUND_Reg_SelfTest':
vga_background_selftest.c:52:63: warning: comparison between signed and unsigned integer expressions [-Wsign-compare]
    if ( VGA_BACKGROUND_mReadReg (baseaddr, read_loop_index*4) != (read_loop_index+1)*READ_WRITE_MUL_FACTOR){
                                                               ^~
vga_background_selftest.c:36:6: warning: unused variable 'Index' [-Wunused-variable]
  int Index;
      ^~~~~
"Running Make libs in microblaze_0/libsrc/vga_block_v1_0/src"
make -C microblaze_0/libsrc/vga_block_v1_0/src -s libs  "SHELL=CMD" "COMPILER=mb-gcc" "ARCHIVER=mb-ar" "COMPILER_FLAGS=  -O2 -c -mcpu=v10.0 -mhard-float -mlittle-endian -mno-xl-reorder -mno-xl-soft-div -mno-xl-soft-mul -mxl-barrel-shift -mxl-pattern-compare" "EXTRA_COMPILER_FLAGS=-ffunction-sections -fdata-sections -Wall -Wextra"
"Compiling vga_block..."
vga_block_selftest.c: In function 'VGA_BLOCK_Reg_SelfTest':
vga_block_selftest.c:52:58: warning: comparison between signed and unsigned integer expressions [-Wsign-compare]
    if ( VGA_BLOCK_mReadReg (baseaddr, read_loop_index*4) != (read_loop_index+1)*READ_WRITE_MUL_FACTOR){
                                                          ^~
vga_block_selftest.c:36:6: warning: unused variable 'Index' [-Wunused-variable]
  int Index;
      ^~~~~
'Finished building libraries'
19:42:07 **** Auto Build of project basys3_game_bsp ****
make -k all 
"Running Make include in microblaze_0/libsrc/axidma_v9_7/src"
make -C microblaze_0/libsrc/axidma_v9_7/src -s include  "SHELL=CMD" "COMPILER=mb-gcc" "ARCHIVER=mb-ar" "COMPILER_FLAGS=  -O2 -c -mcpu=v10.0 -mhard-float -mlittle-endian -mno-xl-reorder -mno-xl-soft-div -mno-xl-soft-mul -mxl-barrel-shift -mxl-pattern-compare" "EXTRA_COMPILER_FLAGS=-ffunction-sections -fdata-sections -Wall -Wextra"
"Running Make include in microblaze_0/libsrc/bram_v4_2/src"
make -C microblaze_0/libsrc/bram_v4_2/src -s include  "SHELL=CMD" "COMPILER=mb-gcc" "ARCHIVER=mb-ar" "COMPILER_FLAGS=  -O2 -c -mcpu=v10.0 -mhard-float -mlittle-endian -mno-xl-reorder -mno-xl-soft-div -mno-xl-soft-mul -mxl-barrel-shift -mxl-pattern-compare" "EXTRA_COMPILER_FLAGS=-ffunction-sections -fdata-sections -Wall -Wextra"
"Running Make include in microblaze_0/libsrc/cpu_v2_7/src"
make -C microblaze_0/libsrc/cpu_v2_7/src -s include  "SHELL=CMD" "COMPILER=mb-gcc" "ARCHIVER=mb-ar" "COMPILER_FLAGS=  -O2 -c -mcpu=v10.0 -mhard-float -mlittle-endian -mno-xl-reorder -mno-xl-soft-div -mno-xl-soft-mul -mxl-barrel-shift -mxl-pattern-compare" "EXTRA_COMPILER_FLAGS=-ffunction-sections -fdata-sections -Wall -Wextra"
"Running Make include in microblaze_0/libsrc/intc_v3_7/src"
make -C microblaze_0/libsrc/intc_v3_7/src -s include  "SHELL=CMD" "COMPILER=mb-gcc" "ARCHIVER=mb-ar" "COMPILER_FLAGS=  -O2 -c -mcpu=v10.0 -mhard-float -mlittle-endian -mno-xl-reorder -mno-xl-soft-div -mno-xl-soft-mul -mxl-barrel-shift -mxl-pattern-compare" "EXTRA_COMPILER_FLAGS=-ffunction-sections -fdata-sections -Wall -Wextra"
"Running Make include in microblaze_0/libsrc/KeyboardController_v1_0/src"
make -C microblaze_0/libsrc/KeyboardController_v1_0/src -s include  "SHELL=CMD" "COMPILER=mb-gcc" "ARCHIVER=mb-ar" "COMPILER_FLAGS=  -O2 -c -mcpu=v10.0 -mhard-float -mlittle-endian -mno-xl-reorder -mno-xl-soft-div -mno-xl-soft-mul -mxl-barrel-shift -mxl-pattern-compare" "EXTRA_COMPILER_FLAGS=-ffunction-sections -fdata-sections -Wall -Wextra"
"Running Make include in microblaze_0/libsrc/standalone_v6_7/src"
make -C microblaze_0/libsrc/standalone_v6_7/src -s include  "SHELL=CMD" "COMPILER=mb-gcc" "ARCHIVER=mb-ar" "COMPILER_FLAGS=  -O2 -c -mcpu=v10.0 -mhard-float -mlittle-endian -mno-xl-reorder -mno-xl-soft-div -mno-xl-soft-mul -mxl-barrel-shift -mxl-pattern-compare" "EXTRA_COMPILER_FLAGS=-ffunction-sections -fdata-sections -Wall -Wextra"
"Running Make include in microblaze_0/libsrc/TextBlock_v1_0/src"
make -C microblaze_0/libsrc/TextBlock_v1_0/src -s include  "SHELL=CMD" "COMPILER=mb-gcc" "ARCHIVER=mb-ar" "COMPILER_FLAGS=  -O2 -c -mcpu=v10.0 -mhard-float -mlittle-endian -mno-xl-reorder -mno-xl-soft-div -mno-xl-soft-mul -mxl-barrel-shift -mxl-pattern-compare" "EXTRA_COMPILER_FLAGS=-ffunction-sections -fdata-sections -Wall -Wextra"
"Running Make include in microblaze_0/libsrc/tmrctr_v4_4/src"
make -C microblaze_0/libsrc/tmrctr_v4_4/src -s include  "SHELL=CMD" "COMPILER=mb-gcc" "ARCHIVER=mb-ar" "COMPILER_FLAGS=  -O2 -c -mcpu=v10.0 -mhard-float -mlittle-endian -mno-xl-reorder -mno-xl-soft-div -mno-xl-soft-mul -mxl-barrel-shift -mxl-pattern-compare" "EXTRA_COMPILER_FLAGS=-ffunction-sections -fdata-sections -Wall -Wextra"
"Running Make include in microblaze_0/libsrc/uartlite_v3_2/src"
make -C microblaze_0/libsrc/uartlite_v3_2/src -s include  "SHELL=CMD" "COMPILER=mb-gcc" "ARCHIVER=mb-ar" "COMPILER_FLAGS=  -O2 -c -mcpu=v10.0 -mhard-float -mlittle-endian -mno-xl-reorder -mno-xl-soft-div -mno-xl-soft-mul -mxl-barrel-shift -mxl-pattern-compare" "EXTRA_COMPILER_FLAGS=-ffunction-sections -fdata-sections -Wall -Wextra"
"Running Make include in microblaze_0/libsrc/vga_background_v1_0/src"
make -C microblaze_0/libsrc/vga_background_v1_0/src -s include  "SHELL=CMD" "COMPILER=mb-gcc" "ARCHIVER=mb-ar" "COMPILER_FLAGS=  -O2 -c -mcpu=v10.0 -mhard-float -mlittle-endian -mno-xl-reorder -mno-xl-soft-div -mno-xl-soft-mul -mxl-barrel-shift -mxl-pattern-compare" "EXTRA_COMPILER_FLAGS=-ffunction-sections -fdata-sections -Wall -Wextra"
"Running Make include in microblaze_0/libsrc/vga_block_v1_0/src"
make -C microblaze_0/libsrc/vga_block_v1_0/src -s include  "SHELL=CMD" "COMPILER=mb-gcc" "ARCHIVER=mb-ar" "COMPILER_FLAGS=  -O2 -c -mcpu=v10.0 -mhard-float -mlittle-endian -mno-xl-reorder -mno-xl-soft-div -mno-xl-soft-mul -mxl-barrel-shift -mxl-pattern-compare" "EXTRA_COMPILER_FLAGS=-ffunction-sections -fdata-sections -Wall -Wextra"
"Running Make libs in microblaze_0/libsrc/axidma_v9_7/src"
make -C microblaze_0/libsrc/axidma_v9_7/src -s libs  "SHELL=CMD" "COMPILER=mb-gcc" "ARCHIVER=mb-ar" "COMPILER_FLAGS=  -O2 -c -mcpu=v10.0 -mhard-float -mlittle-endian -mno-xl-reorder -mno-xl-soft-div -mno-xl-soft-mul -mxl-barrel-shift -mxl-pattern-compare" "EXTRA_COMPILER_FLAGS=-ffunction-sections -fdata-sections -Wall -Wextra"
"Compiling axidma"
"Running Make libs in microblaze_0/libsrc/bram_v4_2/src"
make -C microblaze_0/libsrc/bram_v4_2/src -s libs  "SHELL=CMD" "COMPILER=mb-gcc" "ARCHIVER=mb-ar" "COMPILER_FLAGS=  -O2 -c -mcpu=v10.0 -mhard-float -mlittle-endian -mno-xl-reorder -mno-xl-soft-div -mno-xl-soft-mul -mxl-barrel-shift -mxl-pattern-compare" "EXTRA_COMPILER_FLAGS=-ffunction-sections -fdata-sections -Wall -Wextra"
"Compiling bram"
"Running Make libs in microblaze_0/libsrc/cpu_v2_7/src"
make -C microblaze_0/libsrc/cpu_v2_7/src -s libs  "SHELL=CMD" "COMPILER=mb-gcc" "ARCHIVER=mb-ar" "COMPILER_FLAGS=  -O2 -c -mcpu=v10.0 -mhard-float -mlittle-endian -mno-xl-reorder -mno-xl-soft-div -mno-xl-soft-mul -mxl-barrel-shift -mxl-pattern-compare" "EXTRA_COMPILER_FLAGS=-ffunction-sections -fdata-sections -Wall -Wextra"
"Compiling cpu"
"Running Make libs in microblaze_0/libsrc/intc_v3_7/src"
make -C microblaze_0/libsrc/intc_v3_7/src -s libs  "SHELL=CMD" "COMPILER=mb-gcc" "ARCHIVER=mb-ar" "COMPILER_FLAGS=  -O2 -c -mcpu=v10.0 -mhard-float -mlittle-endian -mno-xl-reorder -mno-xl-soft-div -mno-xl-soft-mul -mxl-barrel-shift -mxl-pattern-compare" "EXTRA_COMPILER_FLAGS=-ffunction-sections -fdata-sections -Wall -Wextra"
"Compiling intc"
"Running Make libs in microblaze_0/libsrc/KeyboardController_v1_0/src"
make -C microblaze_0/libsrc/KeyboardController_v1_0/src -s libs  "SHELL=CMD" "COMPILER=mb-gcc" "ARCHIVER=mb-ar" "COMPILER_FLAGS=  -O2 -c -mcpu=v10.0 -mhard-float -mlittle-endian -mno-xl-reorder -mno-xl-soft-div -mno-xl-soft-mul -mxl-barrel-shift -mxl-pattern-compare" "EXTRA_COMPILER_FLAGS=-ffunction-sections -fdata-sections -Wall -Wextra"
"Compiling KeyboardController..."
KeyboardController_selftest.c: In function 'KEYBOARDCONTROLLER_Reg_SelfTest':
KeyboardController_selftest.c:52:67: warning: comparison between signed and unsigned integer expressions [-Wsign-compare]
    if ( KEYBOARDCONTROLLER_mReadReg (baseaddr, read_loop_index*4) != (read_loop_index+1)*READ_WRITE_MUL_FACTOR){
                                                                   ^~
KeyboardController_selftest.c:36:6: warning: unused variable 'Index' [-Wunused-variable]
  int Index;
      ^~~~~
"Running Make libs in microblaze_0/libsrc/standalone_v6_7/src"
make -C microblaze_0/libsrc/standalone_v6_7/src -s libs  "SHELL=CMD" "COMPILER=mb-gcc" "ARCHIVER=mb-ar" "COMPILER_FLAGS=  -O2 -c -mcpu=v10.0 -mhard-float -mlittle-endian -mno-xl-reorder -mno-xl-soft-div -mno-xl-soft-mul -mxl-barrel-shift -mxl-pattern-compare" "EXTRA_COMPILER_FLAGS=-ffunction-sections -fdata-sections -Wall -Wextra"
"Compiling standalone";
microblaze_sleep.c:69:2: warning: #warning "May wait for more than the specified delay" [-Wcpp]
 #warning "May wait for more than the specified delay"
  ^~~~~~~
"Running Make libs in microblaze_0/libsrc/TextBlock_v1_0/src"
make -C microblaze_0/libsrc/TextBlock_v1_0/src -s libs  "SHELL=CMD" "COMPILER=mb-gcc" "ARCHIVER=mb-ar" "COMPILER_FLAGS=  -O2 -c -mcpu=v10.0 -mhard-float -mlittle-endian -mno-xl-reorder -mno-xl-soft-div -mno-xl-soft-mul -mxl-barrel-shift -mxl-pattern-compare" "EXTRA_COMPILER_FLAGS=-ffunction-sections -fdata-sections -Wall -Wextra"
"Compiling TextBlock..."
TextBlock_selftest.c: In function 'TEXTBLOCK_Reg_SelfTest':
TextBlock_selftest.c:52:58: warning: comparison between signed and unsigned integer expressions [-Wsign-compare]
    if ( TEXTBLOCK_mReadReg (baseaddr, read_loop_index*4) != (read_loop_index+1)*READ_WRITE_MUL_FACTOR){
                                                          ^~
TextBlock_selftest.c:36:6: warning: unused variable 'Index' [-Wunused-variable]
  int Index;
      ^~~~~
"Running Make libs in microblaze_0/libsrc/tmrctr_v4_4/src"
make -C microblaze_0/libsrc/tmrctr_v4_4/src -s libs  "SHELL=CMD" "COMPILER=mb-gcc" "ARCHIVER=mb-ar" "COMPILER_FLAGS=  -O2 -c -mcpu=v10.0 -mhard-float -mlittle-endian -mno-xl-reorder -mno-xl-soft-div -mno-xl-soft-mul -mxl-barrel-shift -mxl-pattern-compare" "EXTRA_COMPILER_FLAGS=-ffunction-sections -fdata-sections -Wall -Wextra"
"Compiling tmrctr"
"Running Make libs in microblaze_0/libsrc/uartlite_v3_2/src"
make -C microblaze_0/libsrc/uartlite_v3_2/src -s libs  "SHELL=CMD" "COMPILER=mb-gcc" "ARCHIVER=mb-ar" "COMPILER_FLAGS=  -O2 -c -mcpu=v10.0 -mhard-float -mlittle-endian -mno-xl-reorder -mno-xl-soft-div -mno-xl-soft-mul -mxl-barrel-shift -mxl-pattern-compare" "EXTRA_COMPILER_FLAGS=-ffunction-sections -fdata-sections -Wall -Wextra"
"Compiling uartlite"
"Running Make libs in microblaze_0/libsrc/vga_background_v1_0/src"
make -C microblaze_0/libsrc/vga_background_v1_0/src -s libs  "SHELL=CMD" "COMPILER=mb-gcc" "ARCHIVER=mb-ar" "COMPILER_FLAGS=  -O2 -c -mcpu=v10.0 -mhard-float -mlittle-endian -mno-xl-reorder -mno-xl-soft-div -mno-xl-soft-mul -mxl-barrel-shift -mxl-pattern-compare" "EXTRA_COMPILER_FLAGS=-ffunction-sections -fdata-sections -Wall -Wextra"
"Compiling vga_background..."
vga_background_selftest.c: In function 'VGA_BACKGROUND_Reg_SelfTest':
vga_background_selftest.c:52:63: warning: comparison between signed and unsigned integer expressions [-Wsign-compare]
    if ( VGA_BACKGROUND_mReadReg (baseaddr, read_loop_index*4) != (read_loop_index+1)*READ_WRITE_MUL_FACTOR){
                                                               ^~
vga_background_selftest.c:36:6: warning: unused variable 'Index' [-Wunused-variable]
  int Index;
      ^~~~~
"Running Make libs in microblaze_0/libsrc/vga_block_v1_0/src"
make -C microblaze_0/libsrc/vga_block_v1_0/src -s libs  "SHELL=CMD" "COMPILER=mb-gcc" "ARCHIVER=mb-ar" "COMPILER_FLAGS=  -O2 -c -mcpu=v10.0 -mhard-float -mlittle-endian -mno-xl-reorder -mno-xl-soft-div -mno-xl-soft-mul -mxl-barrel-shift -mxl-pattern-compare" "EXTRA_COMPILER_FLAGS=-ffunction-sections -fdata-sections -Wall -Wextra"
"Compiling vga_block..."
vga_block_selftest.c: In function 'VGA_BLOCK_Reg_SelfTest':
vga_block_selftest.c:52:58: warning: comparison between signed and unsigned integer expressions [-Wsign-compare]
    if ( VGA_BLOCK_mReadReg (baseaddr, read_loop_index*4) != (read_loop_index+1)*READ_WRITE_MUL_FACTOR){
                                                          ^~
vga_block_selftest.c:36:6: warning: unused variable 'Index' [-Wunused-variable]
  int Index;
      ^~~~~
'Finished building libraries'
19:42:26 **** Build of project basys3_game_bsp ****
make -k all 
"Running Make include in microblaze_0/libsrc/axidma_v9_7/src"
make -C microblaze_0/libsrc/axidma_v9_7/src -s include  "SHELL=CMD" "COMPILER=mb-gcc" "ARCHIVER=mb-ar" "COMPILER_FLAGS=  -O2 -c -mcpu=v10.0 -mhard-float -mlittle-endian -mno-xl-reorder -mno-xl-soft-div -mno-xl-soft-mul -mxl-barrel-shift -mxl-pattern-compare" "EXTRA_COMPILER_FLAGS=-ffunction-sections -fdata-sections -Wall -Wextra"
"Running Make include in microblaze_0/libsrc/bram_v4_2/src"
make -C microblaze_0/libsrc/bram_v4_2/src -s include  "SHELL=CMD" "COMPILER=mb-gcc" "ARCHIVER=mb-ar" "COMPILER_FLAGS=  -O2 -c -mcpu=v10.0 -mhard-float -mlittle-endian -mno-xl-reorder -mno-xl-soft-div -mno-xl-soft-mul -mxl-barrel-shift -mxl-pattern-compare" "EXTRA_COMPILER_FLAGS=-ffunction-sections -fdata-sections -Wall -Wextra"
"Running Make include in microblaze_0/libsrc/cpu_v2_7/src"
make -C microblaze_0/libsrc/cpu_v2_7/src -s include  "SHELL=CMD" "COMPILER=mb-gcc" "ARCHIVER=mb-ar" "COMPILER_FLAGS=  -O2 -c -mcpu=v10.0 -mhard-float -mlittle-endian -mno-xl-reorder -mno-xl-soft-div -mno-xl-soft-mul -mxl-barrel-shift -mxl-pattern-compare" "EXTRA_COMPILER_FLAGS=-ffunction-sections -fdata-sections -Wall -Wextra"
"Running Make include in microblaze_0/libsrc/intc_v3_7/src"
make -C microblaze_0/libsrc/intc_v3_7/src -s include  "SHELL=CMD" "COMPILER=mb-gcc" "ARCHIVER=mb-ar" "COMPILER_FLAGS=  -O2 -c -mcpu=v10.0 -mhard-float -mlittle-endian -mno-xl-reorder -mno-xl-soft-div -mno-xl-soft-mul -mxl-barrel-shift -mxl-pattern-compare" "EXTRA_COMPILER_FLAGS=-ffunction-sections -fdata-sections -Wall -Wextra"
"Running Make include in microblaze_0/libsrc/KeyboardController_v1_0/src"
make -C microblaze_0/libsrc/KeyboardController_v1_0/src -s include  "SHELL=CMD" "COMPILER=mb-gcc" "ARCHIVER=mb-ar" "COMPILER_FLAGS=  -O2 -c -mcpu=v10.0 -mhard-float -mlittle-endian -mno-xl-reorder -mno-xl-soft-div -mno-xl-soft-mul -mxl-barrel-shift -mxl-pattern-compare" "EXTRA_COMPILER_FLAGS=-ffunction-sections -fdata-sections -Wall -Wextra"
"Running Make include in microblaze_0/libsrc/standalone_v6_7/src"
make -C microblaze_0/libsrc/standalone_v6_7/src -s include  "SHELL=CMD" "COMPILER=mb-gcc" "ARCHIVER=mb-ar" "COMPILER_FLAGS=  -O2 -c -mcpu=v10.0 -mhard-float -mlittle-endian -mno-xl-reorder -mno-xl-soft-div -mno-xl-soft-mul -mxl-barrel-shift -mxl-pattern-compare" "EXTRA_COMPILER_FLAGS=-ffunction-sections -fdata-sections -Wall -Wextra"
"Running Make include in microblaze_0/libsrc/TextBlock_v1_0/src"
make -C microblaze_0/libsrc/TextBlock_v1_0/src -s include  "SHELL=CMD" "COMPILER=mb-gcc" "ARCHIVER=mb-ar" "COMPILER_FLAGS=  -O2 -c -mcpu=v10.0 -mhard-float -mlittle-endian -mno-xl-reorder -mno-xl-soft-div -mno-xl-soft-mul -mxl-barrel-shift -mxl-pattern-compare" "EXTRA_COMPILER_FLAGS=-ffunction-sections -fdata-sections -Wall -Wextra"
"Running Make include in microblaze_0/libsrc/tmrctr_v4_4/src"
make -C microblaze_0/libsrc/tmrctr_v4_4/src -s include  "SHELL=CMD" "COMPILER=mb-gcc" "ARCHIVER=mb-ar" "COMPILER_FLAGS=  -O2 -c -mcpu=v10.0 -mhard-float -mlittle-endian -mno-xl-reorder -mno-xl-soft-div -mno-xl-soft-mul -mxl-barrel-shift -mxl-pattern-compare" "EXTRA_COMPILER_FLAGS=-ffunction-sections -fdata-sections -Wall -Wextra"
"Running Make include in microblaze_0/libsrc/uartlite_v3_2/src"
make -C microblaze_0/libsrc/uartlite_v3_2/src -s include  "SHELL=CMD" "COMPILER=mb-gcc" "ARCHIVER=mb-ar" "COMPILER_FLAGS=  -O2 -c -mcpu=v10.0 -mhard-float -mlittle-endian -mno-xl-reorder -mno-xl-soft-div -mno-xl-soft-mul -mxl-barrel-shift -mxl-pattern-compare" "EXTRA_COMPILER_FLAGS=-ffunction-sections -fdata-sections -Wall -Wextra"
"Running Make include in microblaze_0/libsrc/vga_background_v1_0/src"
make -C microblaze_0/libsrc/vga_background_v1_0/src -s include  "SHELL=CMD" "COMPILER=mb-gcc" "ARCHIVER=mb-ar" "COMPILER_FLAGS=  -O2 -c -mcpu=v10.0 -mhard-float -mlittle-endian -mno-xl-reorder -mno-xl-soft-div -mno-xl-soft-mul -mxl-barrel-shift -mxl-pattern-compare" "EXTRA_COMPILER_FLAGS=-ffunction-sections -fdata-sections -Wall -Wextra"
"Running Make include in microblaze_0/libsrc/vga_block_v1_0/src"
make -C microblaze_0/libsrc/vga_block_v1_0/src -s include  "SHELL=CMD" "COMPILER=mb-gcc" "ARCHIVER=mb-ar" "COMPILER_FLAGS=  -O2 -c -mcpu=v10.0 -mhard-float -mlittle-endian -mno-xl-reorder -mno-xl-soft-div -mno-xl-soft-mul -mxl-barrel-shift -mxl-pattern-compare" "EXTRA_COMPILER_FLAGS=-ffunction-sections -fdata-sections -Wall -Wextra"
"Running Make libs in microblaze_0/libsrc/axidma_v9_7/src"
make -C microblaze_0/libsrc/axidma_v9_7/src -s libs  "SHELL=CMD" "COMPILER=mb-gcc" "ARCHIVER=mb-ar" "COMPILER_FLAGS=  -O2 -c -mcpu=v10.0 -mhard-float -mlittle-endian -mno-xl-reorder -mno-xl-soft-div -mno-xl-soft-mul -mxl-barrel-shift -mxl-pattern-compare" "EXTRA_COMPILER_FLAGS=-ffunction-sections -fdata-sections -Wall -Wextra"
"Compiling axidma"
"Running Make libs in microblaze_0/libsrc/bram_v4_2/src"
make -C microblaze_0/libsrc/bram_v4_2/src -s libs  "SHELL=CMD" "COMPILER=mb-gcc" "ARCHIVER=mb-ar" "COMPILER_FLAGS=  -O2 -c -mcpu=v10.0 -mhard-float -mlittle-endian -mno-xl-reorder -mno-xl-soft-div -mno-xl-soft-mul -mxl-barrel-shift -mxl-pattern-compare" "EXTRA_COMPILER_FLAGS=-ffunction-sections -fdata-sections -Wall -Wextra"
"Compiling bram"
"Running Make libs in microblaze_0/libsrc/cpu_v2_7/src"
make -C microblaze_0/libsrc/cpu_v2_7/src -s libs  "SHELL=CMD" "COMPILER=mb-gcc" "ARCHIVER=mb-ar" "COMPILER_FLAGS=  -O2 -c -mcpu=v10.0 -mhard-float -mlittle-endian -mno-xl-reorder -mno-xl-soft-div -mno-xl-soft-mul -mxl-barrel-shift -mxl-pattern-compare" "EXTRA_COMPILER_FLAGS=-ffunction-sections -fdata-sections -Wall -Wextra"
"Compiling cpu"
"Running Make libs in microblaze_0/libsrc/intc_v3_7/src"
make -C microblaze_0/libsrc/intc_v3_7/src -s libs  "SHELL=CMD" "COMPILER=mb-gcc" "ARCHIVER=mb-ar" "COMPILER_FLAGS=  -O2 -c -mcpu=v10.0 -mhard-float -mlittle-endian -mno-xl-reorder -mno-xl-soft-div -mno-xl-soft-mul -mxl-barrel-shift -mxl-pattern-compare" "EXTRA_COMPILER_FLAGS=-ffunction-sections -fdata-sections -Wall -Wextra"
"Compiling intc"
"Running Make libs in microblaze_0/libsrc/KeyboardController_v1_0/src"
make -C microblaze_0/libsrc/KeyboardController_v1_0/src -s libs  "SHELL=CMD" "COMPILER=mb-gcc" "ARCHIVER=mb-ar" "COMPILER_FLAGS=  -O2 -c -mcpu=v10.0 -mhard-float -mlittle-endian -mno-xl-reorder -mno-xl-soft-div -mno-xl-soft-mul -mxl-barrel-shift -mxl-pattern-compare" "EXTRA_COMPILER_FLAGS=-ffunction-sections -fdata-sections -Wall -Wextra"
"Compiling KeyboardController..."
KeyboardController_selftest.c: In function 'KEYBOARDCONTROLLER_Reg_SelfTest':
KeyboardController_selftest.c:52:67: warning: comparison between signed and unsigned integer expressions [-Wsign-compare]
    if ( KEYBOARDCONTROLLER_mReadReg (baseaddr, read_loop_index*4) != (read_loop_index+1)*READ_WRITE_MUL_FACTOR){
                                                                   ^~
KeyboardController_selftest.c:36:6: warning: unused variable 'Index' [-Wunused-variable]
  int Index;
      ^~~~~
"Running Make libs in microblaze_0/libsrc/standalone_v6_7/src"
make -C microblaze_0/libsrc/standalone_v6_7/src -s libs  "SHELL=CMD" "COMPILER=mb-gcc" "ARCHIVER=mb-ar" "COMPILER_FLAGS=  -O2 -c -mcpu=v10.0 -mhard-float -mlittle-endian -mno-xl-reorder -mno-xl-soft-div -mno-xl-soft-mul -mxl-barrel-shift -mxl-pattern-compare" "EXTRA_COMPILER_FLAGS=-ffunction-sections -fdata-sections -Wall -Wextra"
"Compiling standalone";
microblaze_sleep.c:69:2: warning: #warning "May wait for more than the specified delay" [-Wcpp]
 #warning "May wait for more than the specified delay"
  ^~~~~~~
"Running Make libs in microblaze_0/libsrc/TextBlock_v1_0/src"
make -C microblaze_0/libsrc/TextBlock_v1_0/src -s libs  "SHELL=CMD" "COMPILER=mb-gcc" "ARCHIVER=mb-ar" "COMPILER_FLAGS=  -O2 -c -mcpu=v10.0 -mhard-float -mlittle-endian -mno-xl-reorder -mno-xl-soft-div -mno-xl-soft-mul -mxl-barrel-shift -mxl-pattern-compare" "EXTRA_COMPILER_FLAGS=-ffunction-sections -fdata-sections -Wall -Wextra"
"Compiling TextBlock..."
TextBlock_selftest.c: In function 'TEXTBLOCK_Reg_SelfTest':
TextBlock_selftest.c:52:58: warning: comparison between signed and unsigned integer expressions [-Wsign-compare]
    if ( TEXTBLOCK_mReadReg (baseaddr, read_loop_index*4) != (read_loop_index+1)*READ_WRITE_MUL_FACTOR){
                                                          ^~
TextBlock_selftest.c:36:6: warning: unused variable 'Index' [-Wunused-variable]
  int Index;
      ^~~~~
"Running Make libs in microblaze_0/libsrc/tmrctr_v4_4/src"
make -C microblaze_0/libsrc/tmrctr_v4_4/src -s libs  "SHELL=CMD" "COMPILER=mb-gcc" "ARCHIVER=mb-ar" "COMPILER_FLAGS=  -O2 -c -mcpu=v10.0 -mhard-float -mlittle-endian -mno-xl-reorder -mno-xl-soft-div -mno-xl-soft-mul -mxl-barrel-shift -mxl-pattern-compare" "EXTRA_COMPILER_FLAGS=-ffunction-sections -fdata-sections -Wall -Wextra"
"Compiling tmrctr"
"Running Make libs in microblaze_0/libsrc/uartlite_v3_2/src"
make -C microblaze_0/libsrc/uartlite_v3_2/src -s libs  "SHELL=CMD" "COMPILER=mb-gcc" "ARCHIVER=mb-ar" "COMPILER_FLAGS=  -O2 -c -mcpu=v10.0 -mhard-float -mlittle-endian -mno-xl-reorder -mno-xl-soft-div -mno-xl-soft-mul -mxl-barrel-shift -mxl-pattern-compare" "EXTRA_COMPILER_FLAGS=-ffunction-sections -fdata-sections -Wall -Wextra"
"Compiling uartlite"
"Running Make libs in microblaze_0/libsrc/vga_background_v1_0/src"
make -C microblaze_0/libsrc/vga_background_v1_0/src -s libs  "SHELL=CMD" "COMPILER=mb-gcc" "ARCHIVER=mb-ar" "COMPILER_FLAGS=  -O2 -c -mcpu=v10.0 -mhard-float -mlittle-endian -mno-xl-reorder -mno-xl-soft-div -mno-xl-soft-mul -mxl-barrel-shift -mxl-pattern-compare" "EXTRA_COMPILER_FLAGS=-ffunction-sections -fdata-sections -Wall -Wextra"
"Compiling vga_background..."
vga_background_selftest.c: In function 'VGA_BACKGROUND_Reg_SelfTest':
vga_background_selftest.c:52:63: warning: comparison between signed and unsigned integer expressions [-Wsign-compare]
    if ( VGA_BACKGROUND_mReadReg (baseaddr, read_loop_index*4) != (read_loop_index+1)*READ_WRITE_MUL_FACTOR){
                                                               ^~
vga_background_selftest.c:36:6: warning: unused variable 'Index' [-Wunused-variable]
  int Index;
      ^~~~~
"Running Make libs in microblaze_0/libsrc/vga_block_v1_0/src"
make -C microblaze_0/libsrc/vga_block_v1_0/src -s libs  "SHELL=CMD" "COMPILER=mb-gcc" "ARCHIVER=mb-ar" "COMPILER_FLAGS=  -O2 -c -mcpu=v10.0 -mhard-float -mlittle-endian -mno-xl-reorder -mno-xl-soft-div -mno-xl-soft-mul -mxl-barrel-shift -mxl-pattern-compare" "EXTRA_COMPILER_FLAGS=-ffunction-sections -fdata-sections -Wall -Wextra"
"Compiling vga_block..."
vga_block_selftest.c: In function 'VGA_BLOCK_Reg_SelfTest':
vga_block_selftest.c:52:58: warning: comparison between signed and unsigned integer expressions [-Wsign-compare]
    if ( VGA_BLOCK_mReadReg (baseaddr, read_loop_index*4) != (read_loop_index+1)*READ_WRITE_MUL_FACTOR){
                                                          ^~
vga_block_selftest.c:36:6: warning: unused variable 'Index' [-Wunused-variable]
  int Index;
      ^~~~~
'Finished building libraries'
19:42:44 **** Auto Build of configuration Debug for project klocki_test ****
make all 
'Building file: ../src/fpga_interface.c'
'Invoking: MicroBlaze g++ compiler'
mb-g++ -Wall -O0 -g3 -I../../basys3_game_bsp/microblaze_0/include -c -fmessage-length=0 -MT"src/fpga_interface.o" -std=c++17 -mno-xl-reorder -mlittle-endian -mxl-barrel-shift -mxl-pattern-compare -mno-xl-soft-div -mcpu=v10.0 -mno-xl-soft-mul -mhard-float -Wl,--no-relax -ffunction-sections -fdata-sections -MMD -MP -MF"src/fpga_interface.d" -MT"src/fpga_interface.o" -o "src/fpga_interface.o" "../src/fpga_interface.c"
'Finished building: ../src/fpga_interface.c'
' '
'Building file: ../src/game.cpp'
'Invoking: MicroBlaze g++ compiler'
mb-g++ -Wall -O0 -g3 -I../../basys3_game_bsp/microblaze_0/include -c -fmessage-length=0 -MT"src/game.o" -std=c++17 -mno-xl-reorder -mlittle-endian -mxl-barrel-shift -mxl-pattern-compare -mno-xl-soft-div -mcpu=v10.0 -mno-xl-soft-mul -mhard-float -Wl,--no-relax -ffunction-sections -fdata-sections -MMD -MP -MF"src/game.d" -MT"src/game.o" -o "src/game.o" "../src/game.cpp"
'Finished building: ../src/game.cpp'
' '
'Building file: ../src/line2d.cpp'
'Invoking: MicroBlaze g++ compiler'
mb-g++ -Wall -O0 -g3 -I../../basys3_game_bsp/microblaze_0/include -c -fmessage-length=0 -MT"src/line2d.o" -std=c++17 -mno-xl-reorder -mlittle-endian -mxl-barrel-shift -mxl-pattern-compare -mno-xl-soft-div -mcpu=v10.0 -mno-xl-soft-mul -mhard-float -Wl,--no-relax -ffunction-sections -fdata-sections -MMD -MP -MF"src/line2d.d" -MT"src/line2d.o" -o "src/line2d.o" "../src/line2d.cpp"
'Finished building: ../src/line2d.cpp'
' '
'Building file: ../src/main.cc'
'Invoking: MicroBlaze g++ compiler'
mb-g++ -Wall -O0 -g3 -I../../basys3_game_bsp/microblaze_0/include -c -fmessage-length=0 -MT"src/main.o" -std=c++17 -mno-xl-reorder -mlittle-endian -mxl-barrel-shift -mxl-pattern-compare -mno-xl-soft-div -mcpu=v10.0 -mno-xl-soft-mul -mhard-float -Wl,--no-relax -ffunction-sections -fdata-sections -MMD -MP -MF"src/main.d" -MT"src/main.o" -o "src/main.o" "../src/main.cc"
'Finished building: ../src/main.cc'
' '
'Building target: klocki_test.elf'
'Invoking: MicroBlaze g++ linker'
mb-g++ -Wl,-T -Wl,../src/lscript.ld -L../../basys3_game_bsp/microblaze_0/lib -mlittle-endian -mxl-barrel-shift -mxl-pattern-compare -mno-xl-soft-div -mcpu=v10.0 -mno-xl-soft-mul -mhard-float -Wl,--no-relax -Wl,--gc-sections -o "klocki_test.elf"  ./src/fpga_interface.o ./src/game.o ./src/line2d.o ./src/main.o ./src/player.o ./src/point2d.o   -Wl,--start-group,-lxil,-lgcc,-lc,-lstdc++,--end-group
'Finished building target: klocki_test.elf'
' '
'Invoking: MicroBlaze Print Size'
mb-size klocki_test.elf  |tee "klocki_test.elf.size"
   text	   data	    bss	    dec	    hex	filename
  31846	   1596	  12182	  45624	   b238	klocki_test.elf
'Finished building: klocki_test.elf.size'
' '
19:42:55 **** Auto Build of project basys3_game_bsp ****
make -k all 
"Running Make include in microblaze_0/libsrc/axidma_v9_7/src"
make -C microblaze_0/libsrc/axidma_v9_7/src -s include  "SHELL=CMD" "COMPILER=mb-gcc" "ARCHIVER=mb-ar" "COMPILER_FLAGS=  -O2 -c -mcpu=v10.0 -mhard-float -mlittle-endian -mno-xl-reorder -mno-xl-soft-div -mno-xl-soft-mul -mxl-barrel-shift -mxl-pattern-compare" "EXTRA_COMPILER_FLAGS=-ffunction-sections -fdata-sections -Wall -Wextra"
"Running Make include in microblaze_0/libsrc/bram_v4_2/src"
make -C microblaze_0/libsrc/bram_v4_2/src -s include  "SHELL=CMD" "COMPILER=mb-gcc" "ARCHIVER=mb-ar" "COMPILER_FLAGS=  -O2 -c -mcpu=v10.0 -mhard-float -mlittle-endian -mno-xl-reorder -mno-xl-soft-div -mno-xl-soft-mul -mxl-barrel-shift -mxl-pattern-compare" "EXTRA_COMPILER_FLAGS=-ffunction-sections -fdata-sections -Wall -Wextra"
"Running Make include in microblaze_0/libsrc/cpu_v2_7/src"
make -C microblaze_0/libsrc/cpu_v2_7/src -s include  "SHELL=CMD" "COMPILER=mb-gcc" "ARCHIVER=mb-ar" "COMPILER_FLAGS=  -O2 -c -mcpu=v10.0 -mhard-float -mlittle-endian -mno-xl-reorder -mno-xl-soft-div -mno-xl-soft-mul -mxl-barrel-shift -mxl-pattern-compare" "EXTRA_COMPILER_FLAGS=-ffunction-sections -fdata-sections -Wall -Wextra"
"Running Make include in microblaze_0/libsrc/intc_v3_7/src"
make -C microblaze_0/libsrc/intc_v3_7/src -s include  "SHELL=CMD" "COMPILER=mb-gcc" "ARCHIVER=mb-ar" "COMPILER_FLAGS=  -O2 -c -mcpu=v10.0 -mhard-float -mlittle-endian -mno-xl-reorder -mno-xl-soft-div -mno-xl-soft-mul -mxl-barrel-shift -mxl-pattern-compare" "EXTRA_COMPILER_FLAGS=-ffunction-sections -fdata-sections -Wall -Wextra"
"Running Make include in microblaze_0/libsrc/KeyboardController_v1_0/src"
make -C microblaze_0/libsrc/KeyboardController_v1_0/src -s include  "SHELL=CMD" "COMPILER=mb-gcc" "ARCHIVER=mb-ar" "COMPILER_FLAGS=  -O2 -c -mcpu=v10.0 -mhard-float -mlittle-endian -mno-xl-reorder -mno-xl-soft-div -mno-xl-soft-mul -mxl-barrel-shift -mxl-pattern-compare" "EXTRA_COMPILER_FLAGS=-ffunction-sections -fdata-sections -Wall -Wextra"
"Running Make include in microblaze_0/libsrc/standalone_v6_7/src"
make -C microblaze_0/libsrc/standalone_v6_7/src -s include  "SHELL=CMD" "COMPILER=mb-gcc" "ARCHIVER=mb-ar" "COMPILER_FLAGS=  -O2 -c -mcpu=v10.0 -mhard-float -mlittle-endian -mno-xl-reorder -mno-xl-soft-div -mno-xl-soft-mul -mxl-barrel-shift -mxl-pattern-compare" "EXTRA_COMPILER_FLAGS=-ffunction-sections -fdata-sections -Wall -Wextra"
"Running Make include in microblaze_0/libsrc/TextBlock_v1_0/src"
make -C microblaze_0/libsrc/TextBlock_v1_0/src -s include  "SHELL=CMD" "COMPILER=mb-gcc" "ARCHIVER=mb-ar" "COMPILER_FLAGS=  -O2 -c -mcpu=v10.0 -mhard-float -mlittle-endian -mno-xl-reorder -mno-xl-soft-div -mno-xl-soft-mul -mxl-barrel-shift -mxl-pattern-compare" "EXTRA_COMPILER_FLAGS=-ffunction-sections -fdata-sections -Wall -Wextra"
"Running Make include in microblaze_0/libsrc/tmrctr_v4_4/src"
make -C microblaze_0/libsrc/tmrctr_v4_4/src -s include  "SHELL=CMD" "COMPILER=mb-gcc" "ARCHIVER=mb-ar" "COMPILER_FLAGS=  -O2 -c -mcpu=v10.0 -mhard-float -mlittle-endian -mno-xl-reorder -mno-xl-soft-div -mno-xl-soft-mul -mxl-barrel-shift -mxl-pattern-compare" "EXTRA_COMPILER_FLAGS=-ffunction-sections -fdata-sections -Wall -Wextra"
"Running Make include in microblaze_0/libsrc/uartlite_v3_2/src"
make -C microblaze_0/libsrc/uartlite_v3_2/src -s include  "SHELL=CMD" "COMPILER=mb-gcc" "ARCHIVER=mb-ar" "COMPILER_FLAGS=  -O2 -c -mcpu=v10.0 -mhard-float -mlittle-endian -mno-xl-reorder -mno-xl-soft-div -mno-xl-soft-mul -mxl-barrel-shift -mxl-pattern-compare" "EXTRA_COMPILER_FLAGS=-ffunction-sections -fdata-sections -Wall -Wextra"
"Running Make include in microblaze_0/libsrc/vga_background_v1_0/src"
make -C microblaze_0/libsrc/vga_background_v1_0/src -s include  "SHELL=CMD" "COMPILER=mb-gcc" "ARCHIVER=mb-ar" "COMPILER_FLAGS=  -O2 -c -mcpu=v10.0 -mhard-float -mlittle-endian -mno-xl-reorder -mno-xl-soft-div -mno-xl-soft-mul -mxl-barrel-shift -mxl-pattern-compare" "EXTRA_COMPILER_FLAGS=-ffunction-sections -fdata-sections -Wall -Wextra"
"Running Make include in microblaze_0/libsrc/vga_block_v1_0/src"
make -C microblaze_0/libsrc/vga_block_v1_0/src -s include  "SHELL=CMD" "COMPILER=mb-gcc" "ARCHIVER=mb-ar" "COMPILER_FLAGS=  -O2 -c -mcpu=v10.0 -mhard-float -mlittle-endian -mno-xl-reorder -mno-xl-soft-div -mno-xl-soft-mul -mxl-barrel-shift -mxl-pattern-compare" "EXTRA_COMPILER_FLAGS=-ffunction-sections -fdata-sections -Wall -Wextra"
"Running Make libs in microblaze_0/libsrc/axidma_v9_7/src"
make -C microblaze_0/libsrc/axidma_v9_7/src -s libs  "SHELL=CMD" "COMPILER=mb-gcc" "ARCHIVER=mb-ar" "COMPILER_FLAGS=  -O2 -c -mcpu=v10.0 -mhard-float -mlittle-endian -mno-xl-reorder -mno-xl-soft-div -mno-xl-soft-mul -mxl-barrel-shift -mxl-pattern-compare" "EXTRA_COMPILER_FLAGS=-ffunction-sections -fdata-sections -Wall -Wextra"
"Compiling axidma"
"Running Make libs in microblaze_0/libsrc/bram_v4_2/src"
make -C microblaze_0/libsrc/bram_v4_2/src -s libs  "SHELL=CMD" "COMPILER=mb-gcc" "ARCHIVER=mb-ar" "COMPILER_FLAGS=  -O2 -c -mcpu=v10.0 -mhard-float -mlittle-endian -mno-xl-reorder -mno-xl-soft-div -mno-xl-soft-mul -mxl-barrel-shift -mxl-pattern-compare" "EXTRA_COMPILER_FLAGS=-ffunction-sections -fdata-sections -Wall -Wextra"
"Compiling bram"
"Running Make libs in microblaze_0/libsrc/cpu_v2_7/src"
make -C microblaze_0/libsrc/cpu_v2_7/src -s libs  "SHELL=CMD" "COMPILER=mb-gcc" "ARCHIVER=mb-ar" "COMPILER_FLAGS=  -O2 -c -mcpu=v10.0 -mhard-float -mlittle-endian -mno-xl-reorder -mno-xl-soft-div -mno-xl-soft-mul -mxl-barrel-shift -mxl-pattern-compare" "EXTRA_COMPILER_FLAGS=-ffunction-sections -fdata-sections -Wall -Wextra"
"Compiling cpu"
"Running Make libs in microblaze_0/libsrc/intc_v3_7/src"
make -C microblaze_0/libsrc/intc_v3_7/src -s libs  "SHELL=CMD" "COMPILER=mb-gcc" "ARCHIVER=mb-ar" "COMPILER_FLAGS=  -O2 -c -mcpu=v10.0 -mhard-float -mlittle-endian -mno-xl-reorder -mno-xl-soft-div -mno-xl-soft-mul -mxl-barrel-shift -mxl-pattern-compare" "EXTRA_COMPILER_FLAGS=-ffunction-sections -fdata-sections -Wall -Wextra"
"Compiling intc"
"Running Make libs in microblaze_0/libsrc/KeyboardController_v1_0/src"
make -C microblaze_0/libsrc/KeyboardController_v1_0/src -s libs  "SHELL=CMD" "COMPILER=mb-gcc" "ARCHIVER=mb-ar" "COMPILER_FLAGS=  -O2 -c -mcpu=v10.0 -mhard-float -mlittle-endian -mno-xl-reorder -mno-xl-soft-div -mno-xl-soft-mul -mxl-barrel-shift -mxl-pattern-compare" "EXTRA_COMPILER_FLAGS=-ffunction-sections -fdata-sections -Wall -Wextra"
"Compiling KeyboardController..."
KeyboardController_selftest.c: In function 'KEYBOARDCONTROLLER_Reg_SelfTest':
KeyboardController_selftest.c:52:67: warning: comparison between signed and unsigned integer expressions [-Wsign-compare]
    if ( KEYBOARDCONTROLLER_mReadReg (baseaddr, read_loop_index*4) != (read_loop_index+1)*READ_WRITE_MUL_FACTOR){
                                                                   ^~
KeyboardController_selftest.c:36:6: warning: unused variable 'Index' [-Wunused-variable]
  int Index;
      ^~~~~
"Running Make libs in microblaze_0/libsrc/standalone_v6_7/src"
make -C microblaze_0/libsrc/standalone_v6_7/src -s libs  "SHELL=CMD" "COMPILER=mb-gcc" "ARCHIVER=mb-ar" "COMPILER_FLAGS=  -O2 -c -mcpu=v10.0 -mhard-float -mlittle-endian -mno-xl-reorder -mno-xl-soft-div -mno-xl-soft-mul -mxl-barrel-shift -mxl-pattern-compare" "EXTRA_COMPILER_FLAGS=-ffunction-sections -fdata-sections -Wall -Wextra"
"Compiling standalone";
microblaze_sleep.c:69:2: warning: #warning "May wait for more than the specified delay" [-Wcpp]
 #warning "May wait for more than the specified delay"
  ^~~~~~~
"Running Make libs in microblaze_0/libsrc/TextBlock_v1_0/src"
make -C microblaze_0/libsrc/TextBlock_v1_0/src -s libs  "SHELL=CMD" "COMPILER=mb-gcc" "ARCHIVER=mb-ar" "COMPILER_FLAGS=  -O2 -c -mcpu=v10.0 -mhard-float -mlittle-endian -mno-xl-reorder -mno-xl-soft-div -mno-xl-soft-mul -mxl-barrel-shift -mxl-pattern-compare" "EXTRA_COMPILER_FLAGS=-ffunction-sections -fdata-sections -Wall -Wextra"
"Compiling TextBlock..."
TextBlock_selftest.c: In function 'TEXTBLOCK_Reg_SelfTest':
TextBlock_selftest.c:52:58: warning: comparison between signed and unsigned integer expressions [-Wsign-compare]
    if ( TEXTBLOCK_mReadReg (baseaddr, read_loop_index*4) != (read_loop_index+1)*READ_WRITE_MUL_FACTOR){
                                                          ^~
TextBlock_selftest.c:36:6: warning: unused variable 'Index' [-Wunused-variable]
  int Index;
      ^~~~~
"Running Make libs in microblaze_0/libsrc/tmrctr_v4_4/src"
make -C microblaze_0/libsrc/tmrctr_v4_4/src -s libs  "SHELL=CMD" "COMPILER=mb-gcc" "ARCHIVER=mb-ar" "COMPILER_FLAGS=  -O2 -c -mcpu=v10.0 -mhard-float -mlittle-endian -mno-xl-reorder -mno-xl-soft-div -mno-xl-soft-mul -mxl-barrel-shift -mxl-pattern-compare" "EXTRA_COMPILER_FLAGS=-ffunction-sections -fdata-sections -Wall -Wextra"
"Compiling tmrctr"
"Running Make libs in microblaze_0/libsrc/uartlite_v3_2/src"
make -C microblaze_0/libsrc/uartlite_v3_2/src -s libs  "SHELL=CMD" "COMPILER=mb-gcc" "ARCHIVER=mb-ar" "COMPILER_FLAGS=  -O2 -c -mcpu=v10.0 -mhard-float -mlittle-endian -mno-xl-reorder -mno-xl-soft-div -mno-xl-soft-mul -mxl-barrel-shift -mxl-pattern-compare" "EXTRA_COMPILER_FLAGS=-ffunction-sections -fdata-sections -Wall -Wextra"
"Compiling uartlite"
"Running Make libs in microblaze_0/libsrc/vga_background_v1_0/src"
make -C microblaze_0/libsrc/vga_background_v1_0/src -s libs  "SHELL=CMD" "COMPILER=mb-gcc" "ARCHIVER=mb-ar" "COMPILER_FLAGS=  -O2 -c -mcpu=v10.0 -mhard-float -mlittle-endian -mno-xl-reorder -mno-xl-soft-div -mno-xl-soft-mul -mxl-barrel-shift -mxl-pattern-compare" "EXTRA_COMPILER_FLAGS=-ffunction-sections -fdata-sections -Wall -Wextra"
"Compiling vga_background..."
vga_background_selftest.c: In function 'VGA_BACKGROUND_Reg_SelfTest':
vga_background_selftest.c:52:63: warning: comparison between signed and unsigned integer expressions [-Wsign-compare]
    if ( VGA_BACKGROUND_mReadReg (baseaddr, read_loop_index*4) != (read_loop_index+1)*READ_WRITE_MUL_FACTOR){
                                                               ^~
vga_background_selftest.c:36:6: warning: unused variable 'Index' [-Wunused-variable]
  int Index;
      ^~~~~
"Running Make libs in microblaze_0/libsrc/vga_block_v1_0/src"
make -C microblaze_0/libsrc/vga_block_v1_0/src -s libs  "SHELL=CMD" "COMPILER=mb-gcc" "ARCHIVER=mb-ar" "COMPILER_FLAGS=  -O2 -c -mcpu=v10.0 -mhard-float -mlittle-endian -mno-xl-reorder -mno-xl-soft-div -mno-xl-soft-mul -mxl-barrel-shift -mxl-pattern-compare" "EXTRA_COMPILER_FLAGS=-ffunction-sections -fdata-sections -Wall -Wextra"
"Compiling vga_block..."
vga_block_selftest.c: In function 'VGA_BLOCK_Reg_SelfTest':
vga_block_selftest.c:52:58: warning: comparison between signed and unsigned integer expressions [-Wsign-compare]
    if ( VGA_BLOCK_mReadReg (baseaddr, read_loop_index*4) != (read_loop_index+1)*READ_WRITE_MUL_FACTOR){
                                                          ^~
vga_block_selftest.c:36:6: warning: unused variable 'Index' [-Wunused-variable]
  int Index;
      ^~~~~
'Finished building libraries'
19:43:13 **** Auto Build of configuration Debug for project klocki_test ****
make all 
'Building file: ../src/fpga_interface.c'
'Invoking: MicroBlaze g++ compiler'
mb-g++ -Wall -O0 -g3 -I../../basys3_game_bsp/microblaze_0/include -c -fmessage-length=0 -MT"src/fpga_interface.o" -std=c++17 -mno-xl-reorder -mlittle-endian -mxl-barrel-shift -mxl-pattern-compare -mno-xl-soft-div -mcpu=v10.0 -mno-xl-soft-mul -mhard-float -Wl,--no-relax -ffunction-sections -fdata-sections -MMD -MP -MF"src/fpga_interface.d" -MT"src/fpga_interface.o" -o "src/fpga_interface.o" "../src/fpga_interface.c"
'Finished building: ../src/fpga_interface.c'
' '
'Building file: ../src/game.cpp'
'Invoking: MicroBlaze g++ compiler'
mb-g++ -Wall -O0 -g3 -I../../basys3_game_bsp/microblaze_0/include -c -fmessage-length=0 -MT"src/game.o" -std=c++17 -mno-xl-reorder -mlittle-endian -mxl-barrel-shift -mxl-pattern-compare -mno-xl-soft-div -mcpu=v10.0 -mno-xl-soft-mul -mhard-float -Wl,--no-relax -ffunction-sections -fdata-sections -MMD -MP -MF"src/game.d" -MT"src/game.o" -o "src/game.o" "../src/game.cpp"
'Finished building: ../src/game.cpp'
' '
'Building file: ../src/line2d.cpp'
'Invoking: MicroBlaze g++ compiler'
mb-g++ -Wall -O0 -g3 -I../../basys3_game_bsp/microblaze_0/include -c -fmessage-length=0 -MT"src/line2d.o" -std=c++17 -mno-xl-reorder -mlittle-endian -mxl-barrel-shift -mxl-pattern-compare -mno-xl-soft-div -mcpu=v10.0 -mno-xl-soft-mul -mhard-float -Wl,--no-relax -ffunction-sections -fdata-sections -MMD -MP -MF"src/line2d.d" -MT"src/line2d.o" -o "src/line2d.o" "../src/line2d.cpp"
'Finished building: ../src/line2d.cpp'
' '
'Building file: ../src/main.cc'
'Invoking: MicroBlaze g++ compiler'
mb-g++ -Wall -O0 -g3 -I../../basys3_game_bsp/microblaze_0/include -c -fmessage-length=0 -MT"src/main.o" -std=c++17 -mno-xl-reorder -mlittle-endian -mxl-barrel-shift -mxl-pattern-compare -mno-xl-soft-div -mcpu=v10.0 -mno-xl-soft-mul -mhard-float -Wl,--no-relax -ffunction-sections -fdata-sections -MMD -MP -MF"src/main.d" -MT"src/main.o" -o "src/main.o" "../src/main.cc"
'Finished building: ../src/main.cc'
' '
'Building target: klocki_test.elf'
'Invoking: MicroBlaze g++ linker'
mb-g++ -Wl,-T -Wl,../src/lscript.ld -L../../basys3_game_bsp/microblaze_0/lib -mlittle-endian -mxl-barrel-shift -mxl-pattern-compare -mno-xl-soft-div -mcpu=v10.0 -mno-xl-soft-mul -mhard-float -Wl,--no-relax -Wl,--gc-sections -o "klocki_test.elf"  ./src/fpga_interface.o ./src/game.o ./src/line2d.o ./src/main.o ./src/player.o ./src/point2d.o   -Wl,--start-group,-lxil,-lgcc,-lc,-lstdc++,--end-group
'Finished building target: klocki_test.elf'
' '
'Invoking: MicroBlaze Print Size'
mb-size klocki_test.elf  |tee "klocki_test.elf.size"
   text	   data	    bss	    dec	    hex	filename
  31846	   1596	  12182	  45624	   b238	klocki_test.elf
'Finished building: klocki_test.elf.size'
' '
19:43:33 **** Incremental Build of configuration Debug for project klocki_test ****
make all 
make: Nie ma nic do zrobienia w `all'.
19:46:02 **** Auto Build of project basys3_game_bsp ****
make -k all 
"Running Make include in microblaze_0/libsrc/axidma_v9_7/src"
make -C microblaze_0/libsrc/axidma_v9_7/src -s include  "SHELL=CMD" "COMPILER=mb-gcc" "ARCHIVER=mb-ar" "COMPILER_FLAGS=  -O2 -c -mcpu=v10.0 -mhard-float -mlittle-endian -mno-xl-reorder -mno-xl-soft-div -mno-xl-soft-mul -mxl-barrel-shift -mxl-pattern-compare" "EXTRA_COMPILER_FLAGS=-ffunction-sections -fdata-sections -Wall -Wextra"
"Running Make include in microblaze_0/libsrc/bram_v4_2/src"
make -C microblaze_0/libsrc/bram_v4_2/src -s include  "SHELL=CMD" "COMPILER=mb-gcc" "ARCHIVER=mb-ar" "COMPILER_FLAGS=  -O2 -c -mcpu=v10.0 -mhard-float -mlittle-endian -mno-xl-reorder -mno-xl-soft-div -mno-xl-soft-mul -mxl-barrel-shift -mxl-pattern-compare" "EXTRA_COMPILER_FLAGS=-ffunction-sections -fdata-sections -Wall -Wextra"
"Running Make include in microblaze_0/libsrc/cpu_v2_7/src"
make -C microblaze_0/libsrc/cpu_v2_7/src -s include  "SHELL=CMD" "COMPILER=mb-gcc" "ARCHIVER=mb-ar" "COMPILER_FLAGS=  -O2 -c -mcpu=v10.0 -mhard-float -mlittle-endian -mno-xl-reorder -mno-xl-soft-div -mno-xl-soft-mul -mxl-barrel-shift -mxl-pattern-compare" "EXTRA_COMPILER_FLAGS=-ffunction-sections -fdata-sections -Wall -Wextra"
"Running Make include in microblaze_0/libsrc/intc_v3_7/src"
make -C microblaze_0/libsrc/intc_v3_7/src -s include  "SHELL=CMD" "COMPILER=mb-gcc" "ARCHIVER=mb-ar" "COMPILER_FLAGS=  -O2 -c -mcpu=v10.0 -mhard-float -mlittle-endian -mno-xl-reorder -mno-xl-soft-div -mno-xl-soft-mul -mxl-barrel-shift -mxl-pattern-compare" "EXTRA_COMPILER_FLAGS=-ffunction-sections -fdata-sections -Wall -Wextra"
"Running Make include in microblaze_0/libsrc/KeyboardController_v1_0/src"
make -C microblaze_0/libsrc/KeyboardController_v1_0/src -s include  "SHELL=CMD" "COMPILER=mb-gcc" "ARCHIVER=mb-ar" "COMPILER_FLAGS=  -O2 -c -mcpu=v10.0 -mhard-float -mlittle-endian -mno-xl-reorder -mno-xl-soft-div -mno-xl-soft-mul -mxl-barrel-shift -mxl-pattern-compare" "EXTRA_COMPILER_FLAGS=-ffunction-sections -fdata-sections -Wall -Wextra"
"Running Make include in microblaze_0/libsrc/standalone_v6_7/src"
make -C microblaze_0/libsrc/standalone_v6_7/src -s include  "SHELL=CMD" "COMPILER=mb-gcc" "ARCHIVER=mb-ar" "COMPILER_FLAGS=  -O2 -c -mcpu=v10.0 -mhard-float -mlittle-endian -mno-xl-reorder -mno-xl-soft-div -mno-xl-soft-mul -mxl-barrel-shift -mxl-pattern-compare" "EXTRA_COMPILER_FLAGS=-ffunction-sections -fdata-sections -Wall -Wextra"
"Running Make include in microblaze_0/libsrc/TextBlock_v1_0/src"
make -C microblaze_0/libsrc/TextBlock_v1_0/src -s include  "SHELL=CMD" "COMPILER=mb-gcc" "ARCHIVER=mb-ar" "COMPILER_FLAGS=  -O2 -c -mcpu=v10.0 -mhard-float -mlittle-endian -mno-xl-reorder -mno-xl-soft-div -mno-xl-soft-mul -mxl-barrel-shift -mxl-pattern-compare" "EXTRA_COMPILER_FLAGS=-ffunction-sections -fdata-sections -Wall -Wextra"
"Running Make include in microblaze_0/libsrc/tmrctr_v4_4/src"
make -C microblaze_0/libsrc/tmrctr_v4_4/src -s include  "SHELL=CMD" "COMPILER=mb-gcc" "ARCHIVER=mb-ar" "COMPILER_FLAGS=  -O2 -c -mcpu=v10.0 -mhard-float -mlittle-endian -mno-xl-reorder -mno-xl-soft-div -mno-xl-soft-mul -mxl-barrel-shift -mxl-pattern-compare" "EXTRA_COMPILER_FLAGS=-ffunction-sections -fdata-sections -Wall -Wextra"
"Running Make include in microblaze_0/libsrc/uartlite_v3_2/src"
make -C microblaze_0/libsrc/uartlite_v3_2/src -s include  "SHELL=CMD" "COMPILER=mb-gcc" "ARCHIVER=mb-ar" "COMPILER_FLAGS=  -O2 -c -mcpu=v10.0 -mhard-float -mlittle-endian -mno-xl-reorder -mno-xl-soft-div -mno-xl-soft-mul -mxl-barrel-shift -mxl-pattern-compare" "EXTRA_COMPILER_FLAGS=-ffunction-sections -fdata-sections -Wall -Wextra"
"Running Make include in microblaze_0/libsrc/vga_background_v1_0/src"
make -C microblaze_0/libsrc/vga_background_v1_0/src -s include  "SHELL=CMD" "COMPILER=mb-gcc" "ARCHIVER=mb-ar" "COMPILER_FLAGS=  -O2 -c -mcpu=v10.0 -mhard-float -mlittle-endian -mno-xl-reorder -mno-xl-soft-div -mno-xl-soft-mul -mxl-barrel-shift -mxl-pattern-compare" "EXTRA_COMPILER_FLAGS=-ffunction-sections -fdata-sections -Wall -Wextra"
"Running Make include in microblaze_0/libsrc/vga_block_v1_0/src"
make -C microblaze_0/libsrc/vga_block_v1_0/src -s include  "SHELL=CMD" "COMPILER=mb-gcc" "ARCHIVER=mb-ar" "COMPILER_FLAGS=  -O2 -c -mcpu=v10.0 -mhard-float -mlittle-endian -mno-xl-reorder -mno-xl-soft-div -mno-xl-soft-mul -mxl-barrel-shift -mxl-pattern-compare" "EXTRA_COMPILER_FLAGS=-ffunction-sections -fdata-sections -Wall -Wextra"
"Running Make libs in microblaze_0/libsrc/axidma_v9_7/src"
make -C microblaze_0/libsrc/axidma_v9_7/src -s libs  "SHELL=CMD" "COMPILER=mb-gcc" "ARCHIVER=mb-ar" "COMPILER_FLAGS=  -O2 -c -mcpu=v10.0 -mhard-float -mlittle-endian -mno-xl-reorder -mno-xl-soft-div -mno-xl-soft-mul -mxl-barrel-shift -mxl-pattern-compare" "EXTRA_COMPILER_FLAGS=-ffunction-sections -fdata-sections -Wall -Wextra"
"Compiling axidma"
"Running Make libs in microblaze_0/libsrc/bram_v4_2/src"
make -C microblaze_0/libsrc/bram_v4_2/src -s libs  "SHELL=CMD" "COMPILER=mb-gcc" "ARCHIVER=mb-ar" "COMPILER_FLAGS=  -O2 -c -mcpu=v10.0 -mhard-float -mlittle-endian -mno-xl-reorder -mno-xl-soft-div -mno-xl-soft-mul -mxl-barrel-shift -mxl-pattern-compare" "EXTRA_COMPILER_FLAGS=-ffunction-sections -fdata-sections -Wall -Wextra"
"Compiling bram"
"Running Make libs in microblaze_0/libsrc/cpu_v2_7/src"
make -C microblaze_0/libsrc/cpu_v2_7/src -s libs  "SHELL=CMD" "COMPILER=mb-gcc" "ARCHIVER=mb-ar" "COMPILER_FLAGS=  -O2 -c -mcpu=v10.0 -mhard-float -mlittle-endian -mno-xl-reorder -mno-xl-soft-div -mno-xl-soft-mul -mxl-barrel-shift -mxl-pattern-compare" "EXTRA_COMPILER_FLAGS=-ffunction-sections -fdata-sections -Wall -Wextra"
"Compiling cpu"
"Running Make libs in microblaze_0/libsrc/intc_v3_7/src"
make -C microblaze_0/libsrc/intc_v3_7/src -s libs  "SHELL=CMD" "COMPILER=mb-gcc" "ARCHIVER=mb-ar" "COMPILER_FLAGS=  -O2 -c -mcpu=v10.0 -mhard-float -mlittle-endian -mno-xl-reorder -mno-xl-soft-div -mno-xl-soft-mul -mxl-barrel-shift -mxl-pattern-compare" "EXTRA_COMPILER_FLAGS=-ffunction-sections -fdata-sections -Wall -Wextra"
"Compiling intc"
"Running Make libs in microblaze_0/libsrc/KeyboardController_v1_0/src"
make -C microblaze_0/libsrc/KeyboardController_v1_0/src -s libs  "SHELL=CMD" "COMPILER=mb-gcc" "ARCHIVER=mb-ar" "COMPILER_FLAGS=  -O2 -c -mcpu=v10.0 -mhard-float -mlittle-endian -mno-xl-reorder -mno-xl-soft-div -mno-xl-soft-mul -mxl-barrel-shift -mxl-pattern-compare" "EXTRA_COMPILER_FLAGS=-ffunction-sections -fdata-sections -Wall -Wextra"
"Compiling KeyboardController..."
KeyboardController_selftest.c: In function 'KEYBOARDCONTROLLER_Reg_SelfTest':
KeyboardController_selftest.c:52:67: warning: comparison between signed and unsigned integer expressions [-Wsign-compare]
    if ( KEYBOARDCONTROLLER_mReadReg (baseaddr, read_loop_index*4) != (read_loop_index+1)*READ_WRITE_MUL_FACTOR){
                                                                   ^~
KeyboardController_selftest.c:36:6: warning: unused variable 'Index' [-Wunused-variable]
  int Index;
      ^~~~~
"Running Make libs in microblaze_0/libsrc/standalone_v6_7/src"
make -C microblaze_0/libsrc/standalone_v6_7/src -s libs  "SHELL=CMD" "COMPILER=mb-gcc" "ARCHIVER=mb-ar" "COMPILER_FLAGS=  -O2 -c -mcpu=v10.0 -mhard-float -mlittle-endian -mno-xl-reorder -mno-xl-soft-div -mno-xl-soft-mul -mxl-barrel-shift -mxl-pattern-compare" "EXTRA_COMPILER_FLAGS=-ffunction-sections -fdata-sections -Wall -Wextra"
"Compiling standalone";
microblaze_sleep.c:69:2: warning: #warning "May wait for more than the specified delay" [-Wcpp]
[...]
'Invoking: MicroBlaze g++ compiler'
mb-g++ -Wall -O0 -g3 -I../../basys3_game_bsp/microblaze_0/include -c -fmessage-length=0 -MT"src/fpga_interface.o" -std=c++17 -mno-xl-reorder -mlittle-endian -mxl-barrel-shift -mxl-pattern-compare -mno-xl-soft-div -mcpu=v10.0 -mno-xl-soft-mul -mhard-float -Wl,--no-relax -ffunction-sections -fdata-sections -MMD -MP -MF"src/fpga_interface.d" -MT"src/fpga_interface.o" -o "src/fpga_interface.o" "../src/fpga_interface.c"
'Finished building: ../src/fpga_interface.c'
' '
'Building target: klocki_test.elf'
'Invoking: MicroBlaze g++ linker'
mb-g++ -Wl,-T -Wl,../src/lscript.ld -L../../basys3_game_bsp/microblaze_0/lib -mlittle-endian -mxl-barrel-shift -mxl-pattern-compare -mno-xl-soft-div -mcpu=v10.0 -mno-xl-soft-mul -mhard-float -Wl,--no-relax -Wl,--gc-sections -o "klocki_test.elf"  ./src/fpga_interface.o ./src/game.o ./src/line2d.o ./src/main.o ./src/player.o ./src/point2d.o   -Wl,--start-group,-lxil,-lgcc,-lc,-lstdc++,--end-group
'Finished building target: klocki_test.elf'
' '
'Invoking: MicroBlaze Print Size'
mb-size klocki_test.elf  |tee "klocki_test.elf.size"
   text	   data	    bss	    dec	    hex	filename
  31894	   1596	  12178	  45668	   b264	klocki_test.elf
'Finished building: klocki_test.elf.size'
' '
20:09:20 **** Incremental Build of configuration Debug for project klocki_test ****
make all 
'Building file: ../src/fpga_interface.c'
'Invoking: MicroBlaze g++ compiler'
mb-g++ -Wall -O0 -g3 -I../../basys3_game_bsp/microblaze_0/include -c -fmessage-length=0 -MT"src/fpga_interface.o" -std=c++17 -mno-xl-reorder -mlittle-endian -mxl-barrel-shift -mxl-pattern-compare -mno-xl-soft-div -mcpu=v10.0 -mno-xl-soft-mul -mhard-float -Wl,--no-relax -ffunction-sections -fdata-sections -MMD -MP -MF"src/fpga_interface.d" -MT"src/fpga_interface.o" -o "src/fpga_interface.o" "../src/fpga_interface.c"
'Finished building: ../src/fpga_interface.c'
' '
'Building target: klocki_test.elf'
'Invoking: MicroBlaze g++ linker'
mb-g++ -Wl,-T -Wl,../src/lscript.ld -L../../basys3_game_bsp/microblaze_0/lib -mlittle-endian -mxl-barrel-shift -mxl-pattern-compare -mno-xl-soft-div -mcpu=v10.0 -mno-xl-soft-mul -mhard-float -Wl,--no-relax -Wl,--gc-sections -o "klocki_test.elf"  ./src/fpga_interface.o ./src/game.o ./src/line2d.o ./src/main.o ./src/player.o ./src/point2d.o   -Wl,--start-group,-lxil,-lgcc,-lc,-lstdc++,--end-group
'Finished building target: klocki_test.elf'
' '
'Invoking: MicroBlaze Print Size'
mb-size klocki_test.elf  |tee "klocki_test.elf.size"
   text	   data	    bss	    dec	    hex	filename
  31894	   1596	  12178	  45668	   b264	klocki_test.elf
'Finished building: klocki_test.elf.size'
' '
20:09:32 **** Auto Build of configuration Debug for project klocki_test ****
make all 
'Building file: ../src/fpga_interface.c'
'Invoking: MicroBlaze g++ compiler'
mb-g++ -Wall -O0 -g3 -I../../basys3_game_bsp/microblaze_0/include -c -fmessage-length=0 -MT"src/fpga_interface.o" -std=c++17 -mno-xl-reorder -mlittle-endian -mxl-barrel-shift -mxl-pattern-compare -mno-xl-soft-div -mcpu=v10.0 -mno-xl-soft-mul -mhard-float -Wl,--no-relax -ffunction-sections -fdata-sections -MMD -MP -MF"src/fpga_interface.d" -MT"src/fpga_interface.o" -o "src/fpga_interface.o" "../src/fpga_interface.c"
'Finished building: ../src/fpga_interface.c'
' '
'Building target: klocki_test.elf'
'Invoking: MicroBlaze g++ linker'
mb-g++ -Wl,-T -Wl,../src/lscript.ld -L../../basys3_game_bsp/microblaze_0/lib -mlittle-endian -mxl-barrel-shift -mxl-pattern-compare -mno-xl-soft-div -mcpu=v10.0 -mno-xl-soft-mul -mhard-float -Wl,--no-relax -Wl,--gc-sections -o "klocki_test.elf"  ./src/fpga_interface.o ./src/game.o ./src/line2d.o ./src/main.o ./src/player.o ./src/point2d.o   -Wl,--start-group,-lxil,-lgcc,-lc,-lstdc++,--end-group
'Finished building target: klocki_test.elf'
' '
'Invoking: MicroBlaze Print Size'
mb-size klocki_test.elf  |tee "klocki_test.elf.size"
   text	   data	    bss	    dec	    hex	filename
  31895	   1596	  12178	  45669	   b265	klocki_test.elf
'Finished building: klocki_test.elf.size'
' '
20:09:36 **** Incremental Build of configuration Debug for project klocki_test ****
make all 
make: Nie ma nic do zrobienia w `all'.
20:09:52 **** Incremental Build of configuration Debug for project klocki_test ****
make all 
make: Nie ma nic do zrobienia w `all'.
20:22:42 **** Auto Build of configuration Debug for project klocki_test ****
make all 
'Building file: ../src/fpga_interface.c'
'Invoking: MicroBlaze g++ compiler'
mb-g++ -Wall -O0 -g3 -I../../basys3_game_bsp/microblaze_0/include -c -fmessage-length=0 -MT"src/fpga_interface.o" -std=c++17 -mno-xl-reorder -mlittle-endian -mxl-barrel-shift -mxl-pattern-compare -mno-xl-soft-div -mcpu=v10.0 -mno-xl-soft-mul -mhard-float -Wl,--no-relax -ffunction-sections -fdata-sections -MMD -MP -MF"src/fpga_interface.d" -MT"src/fpga_interface.o" -o "src/fpga_interface.o" "../src/fpga_interface.c"
'Finished building: ../src/fpga_interface.c'
' '
'Building target: klocki_test.elf'
'Invoking: MicroBlaze g++ linker'
mb-g++ -Wl,-T -Wl,../src/lscript.ld -L../../basys3_game_bsp/microblaze_0/lib -mlittle-endian -mxl-barrel-shift -mxl-pattern-compare -mno-xl-soft-div -mcpu=v10.0 -mno-xl-soft-mul -mhard-float -Wl,--no-relax -Wl,--gc-sections -o "klocki_test.elf"  ./src/fpga_interface.o ./src/game.o ./src/line2d.o ./src/main.o ./src/player.o ./src/point2d.o   -Wl,--start-group,-lxil,-lgcc,-lc,-lstdc++,--end-group
'Finished building target: klocki_test.elf'
' '
'Invoking: MicroBlaze Print Size'
mb-size klocki_test.elf  |tee "klocki_test.elf.size"
   text	   data	    bss	    dec	    hex	filename
  31907	   1596	  12178	  45681	   b271	klocki_test.elf
'Finished building: klocki_test.elf.size'
' '
20:22:53 **** Incremental Build of configuration Debug for project klocki_test ****
make all 
make: Nie ma nic do zrobienia w `all'.
20:23:09 **** Incremental Build of configuration Debug for project klocki_test ****
make all 
'Building file: ../src/fpga_interface.c'
'Invoking: MicroBlaze g++ compiler'
mb-g++ -Wall -O0 -g3 -I../../basys3_game_bsp/microblaze_0/include -c -fmessage-length=0 -MT"src/fpga_interface.o" -std=c++17 -mno-xl-reorder -mlittle-endian -mxl-barrel-shift -mxl-pattern-compare -mno-xl-soft-div -mcpu=v10.0 -mno-xl-soft-mul -mhard-float -Wl,--no-relax -ffunction-sections -fdata-sections -MMD -MP -MF"src/fpga_interface.d" -MT"src/fpga_interface.o" -o "src/fpga_interface.o" "../src/fpga_interface.c"
'Finished building: ../src/fpga_interface.c'
' '
'Building target: klocki_test.elf'
'Invoking: MicroBlaze g++ linker'
mb-g++ -Wl,-T -Wl,../src/lscript.ld -L../../basys3_game_bsp/microblaze_0/lib -mlittle-endian -mxl-barrel-shift -mxl-pattern-compare -mno-xl-soft-div -mcpu=v10.0 -mno-xl-soft-mul -mhard-float -Wl,--no-relax -Wl,--gc-sections -o "klocki_test.elf"  ./src/fpga_interface.o ./src/game.o ./src/line2d.o ./src/main.o ./src/player.o ./src/point2d.o   -Wl,--start-group,-lxil,-lgcc,-lc,-lstdc++,--end-group
'Finished building target: klocki_test.elf'
' '
'Invoking: MicroBlaze Print Size'
mb-size klocki_test.elf  |tee "klocki_test.elf.size"
   text	   data	    bss	    dec	    hex	filename
  31907	   1596	  12178	  45681	   b271	klocki_test.elf
'Finished building: klocki_test.elf.size'
' '
20:23:26 **** Incremental Build of configuration Debug for project klocki_test ****
make all 
'Building file: ../src/fpga_interface.c'
'Invoking: MicroBlaze g++ compiler'
mb-g++ -Wall -O0 -g3 -I../../basys3_game_bsp/microblaze_0/include -c -fmessage-length=0 -MT"src/fpga_interface.o" -std=c++17 -mno-xl-reorder -mlittle-endian -mxl-barrel-shift -mxl-pattern-compare -mno-xl-soft-div -mcpu=v10.0 -mno-xl-soft-mul -mhard-float -Wl,--no-relax -ffunction-sections -fdata-sections -MMD -MP -MF"src/fpga_interface.d" -MT"src/fpga_interface.o" -o "src/fpga_interface.o" "../src/fpga_interface.c"
'Finished building: ../src/fpga_interface.c'
' '
'Building target: klocki_test.elf'
'Invoking: MicroBlaze g++ linker'
mb-g++ -Wl,-T -Wl,../src/lscript.ld -L../../basys3_game_bsp/microblaze_0/lib -mlittle-endian -mxl-barrel-shift -mxl-pattern-compare -mno-xl-soft-div -mcpu=v10.0 -mno-xl-soft-mul -mhard-float -Wl,--no-relax -Wl,--gc-sections -o "klocki_test.elf"  ./src/fpga_interface.o ./src/game.o ./src/line2d.o ./src/main.o ./src/player.o ./src/point2d.o   -Wl,--start-group,-lxil,-lgcc,-lc,-lstdc++,--end-group
'Finished building target: klocki_test.elf'
' '
'Invoking: MicroBlaze Print Size'
mb-size klocki_test.elf  |tee "klocki_test.elf.size"
   text	   data	    bss	    dec	    hex	filename
  31907	   1596	  12178	  45681	   b271	klocki_test.elf
'Finished building: klocki_test.elf.size'
' '
20:30:15 **** Auto Build of configuration Debug for project klocki_test ****
make all 
'Building file: ../src/fpga_interface.c'
'Invoking: MicroBlaze g++ compiler'
mb-g++ -Wall -O0 -g3 -I../../basys3_game_bsp/microblaze_0/include -c -fmessage-length=0 -MT"src/fpga_interface.o" -std=c++17 -mno-xl-reorder -mlittle-endian -mxl-barrel-shift -mxl-pattern-compare -mno-xl-soft-div -mcpu=v10.0 -mno-xl-soft-mul -mhard-float -Wl,--no-relax -ffunction-sections -fdata-sections -MMD -MP -MF"src/fpga_interface.d" -MT"src/fpga_interface.o" -o "src/fpga_interface.o" "../src/fpga_interface.c"
'Finished building: ../src/fpga_interface.c'
' '
'Building target: klocki_test.elf'
'Invoking: MicroBlaze g++ linker'
mb-g++ -Wl,-T -Wl,../src/lscript.ld -L../../basys3_game_bsp/microblaze_0/lib -mlittle-endian -mxl-barrel-shift -mxl-pattern-compare -mno-xl-soft-div -mcpu=v10.0 -mno-xl-soft-mul -mhard-float -Wl,--no-relax -Wl,--gc-sections -o "klocki_test.elf"  ./src/fpga_interface.o ./src/game.o ./src/line2d.o ./src/main.o ./src/player.o ./src/point2d.o   -Wl,--start-group,-lxil,-lgcc,-lc,-lstdc++,--end-group
'Finished building target: klocki_test.elf'
' '
'Invoking: MicroBlaze Print Size'
mb-size klocki_test.elf  |tee "klocki_test.elf.size"
   text	   data	    bss	    dec	    hex	filename
  31907	   1596	  12178	  45681	   b271	klocki_test.elf
'Finished building: klocki_test.elf.size'
' '
20:30:23 **** Incremental Build of configuration Debug for project klocki_test ****
make all 
make: Nie ma nic do zrobienia w `all'.
20:34:18 **** Incremental Build of configuration Debug for project klocki_test ****
make all 
'Building file: ../src/fpga_interface.c'
'Invoking: MicroBlaze g++ compiler'
mb-g++ -Wall -O0 -g3 -I../../basys3_game_bsp/microblaze_0/include -c -fmessage-length=0 -MT"src/fpga_interface.o" -std=c++17 -mno-xl-reorder -mlittle-endian -mxl-barrel-shift -mxl-pattern-compare -mno-xl-soft-div -mcpu=v10.0 -mno-xl-soft-mul -mhard-float -Wl,--no-relax -ffunction-sections -fdata-sections -MMD -MP -MF"src/fpga_interface.d" -MT"src/fpga_interface.o" -o "src/fpga_interface.o" "../src/fpga_interface.c"
'Finished building: ../src/fpga_interface.c'
' '
'Building target: klocki_test.elf'
'Invoking: MicroBlaze g++ linker'
mb-g++ -Wl,-T -Wl,../src/lscript.ld -L../../basys3_game_bsp/microblaze_0/lib -mlittle-endian -mxl-barrel-shift -mxl-pattern-compare -mno-xl-soft-div -mcpu=v10.0 -mno-xl-soft-mul -mhard-float -Wl,--no-relax -Wl,--gc-sections -o "klocki_test.elf"  ./src/fpga_interface.o ./src/game.o ./src/line2d.o ./src/main.o ./src/player.o ./src/point2d.o   -Wl,--start-group,-lxil,-lgcc,-lc,-lstdc++,--end-group
'Finished building target: klocki_test.elf'
' '
'Invoking: MicroBlaze Print Size'
mb-size klocki_test.elf  |tee "klocki_test.elf.size"
   text	   data	    bss	    dec	    hex	filename
  31923	   1596	  12178	  45697	   b281	klocki_test.elf
'Finished building: klocki_test.elf.size'
' '
20:35:02 **** Incremental Build of configuration Debug for project klocki_test ****
make all 
'Building file: ../src/fpga_interface.c'
'Invoking: MicroBlaze g++ compiler'
mb-g++ -Wall -O0 -g3 -I../../basys3_game_bsp/microblaze_0/include -c -fmessage-length=0 -MT"src/fpga_interface.o" -std=c++17 -mno-xl-reorder -mlittle-endian -mxl-barrel-shift -mxl-pattern-compare -mno-xl-soft-div -mcpu=v10.0 -mno-xl-soft-mul -mhard-float -Wl,--no-relax -ffunction-sections -fdata-sections -MMD -MP -MF"src/fpga_interface.d" -MT"src/fpga_interface.o" -o "src/fpga_interface.o" "../src/fpga_interface.c"
'Finished building: ../src/fpga_interface.c'
' '
'Building target: klocki_test.elf'
'Invoking: MicroBlaze g++ linker'
mb-g++ -Wl,-T -Wl,../src/lscript.ld -L../../basys3_game_bsp/microblaze_0/lib -mlittle-endian -mxl-barrel-shift -mxl-pattern-compare -mno-xl-soft-div -mcpu=v10.0 -mno-xl-soft-mul -mhard-float -Wl,--no-relax -Wl,--gc-sections -o "klocki_test.elf"  ./src/fpga_interface.o ./src/game.o ./src/line2d.o ./src/main.o ./src/player.o ./src/point2d.o   -Wl,--start-group,-lxil,-lgcc,-lc,-lstdc++,--end-group
'Finished building target: klocki_test.elf'
' '
'Invoking: MicroBlaze Print Size'
mb-size klocki_test.elf  |tee "klocki_test.elf.size"
   text	   data	    bss	    dec	    hex	filename
  31923	   1596	  12178	  45697	   b281	klocki_test.elf
'Finished building: klocki_test.elf.size'
' '
20:35:28 **** Incremental Build of configuration Debug for project klocki_test ****
make all 
'Building file: ../src/fpga_interface.c'
'Invoking: MicroBlaze g++ compiler'
mb-g++ -Wall -O0 -g3 -I../../basys3_game_bsp/microblaze_0/include -c -fmessage-length=0 -MT"src/fpga_interface.o" -std=c++17 -mno-xl-reorder -mlittle-endian -mxl-barrel-shift -mxl-pattern-compare -mno-xl-soft-div -mcpu=v10.0 -mno-xl-soft-mul -mhard-float -Wl,--no-relax -ffunction-sections -fdata-sections -MMD -MP -MF"src/fpga_interface.d" -MT"src/fpga_interface.o" -o "src/fpga_interface.o" "../src/fpga_interface.c"
'Finished building: ../src/fpga_interface.c'
' '
'Building target: klocki_test.elf'
'Invoking: MicroBlaze g++ linker'
mb-g++ -Wl,-T -Wl,../src/lscript.ld -L../../basys3_game_bsp/microblaze_0/lib -mlittle-endian -mxl-barrel-shift -mxl-pattern-compare -mno-xl-soft-div -mcpu=v10.0 -mno-xl-soft-mul -mhard-float -Wl,--no-relax -Wl,--gc-sections -o "klocki_test.elf"  ./src/fpga_interface.o ./src/game.o ./src/line2d.o ./src/main.o ./src/player.o ./src/point2d.o   -Wl,--start-group,-lxil,-lgcc,-lc,-lstdc++,--end-group
'Finished building target: klocki_test.elf'
' '
'Invoking: MicroBlaze Print Size'
mb-size klocki_test.elf  |tee "klocki_test.elf.size"
   text	   data	    bss	    dec	    hex	filename
  31919	   1596	  12182	  45697	   b281	klocki_test.elf
'Finished building: klocki_test.elf.size'
' '
20:36:18 **** Incremental Build of configuration Debug for project klocki_test ****
make all 
'Building file: ../src/fpga_interface.c'
'Invoking: MicroBlaze g++ compiler'
mb-g++ -Wall -O0 -g3 -I../../basys3_game_bsp/microblaze_0/include -c -fmessage-length=0 -MT"src/fpga_interface.o" -std=c++17 -mno-xl-reorder -mlittle-endian -mxl-barrel-shift -mxl-pattern-compare -mno-xl-soft-div -mcpu=v10.0 -mno-xl-soft-mul -mhard-float -Wl,--no-relax -ffunction-sections -fdata-sections -MMD -MP -MF"src/fpga_interface.d" -MT"src/fpga_interface.o" -o "src/fpga_interface.o" "../src/fpga_interface.c"
'Finished building: ../src/fpga_interface.c'
' '
'Building target: klocki_test.elf'
'Invoking: MicroBlaze g++ linker'
mb-g++ -Wl,-T -Wl,../src/lscript.ld -L../../basys3_game_bsp/microblaze_0/lib -mlittle-endian -mxl-barrel-shift -mxl-pattern-compare -mno-xl-soft-div -mcpu=v10.0 -mno-xl-soft-mul -mhard-float -Wl,--no-relax -Wl,--gc-sections -o "klocki_test.elf"  ./src/fpga_interface.o ./src/game.o ./src/line2d.o ./src/main.o ./src/player.o ./src/point2d.o   -Wl,--start-group,-lxil,-lgcc,-lc,-lstdc++,--end-group
'Finished building target: klocki_test.elf'
' '
'Invoking: MicroBlaze Print Size'
mb-size klocki_test.elf  |tee "klocki_test.elf.size"
   text	   data	    bss	    dec	    hex	filename
  31919	   1596	  12182	  45697	   b281	klocki_test.elf
'Finished building: klocki_test.elf.size'
' '
21:09:14 **** Incremental Build of configuration Debug for project klocki_test ****
make all 
make: Nie ma nic do zrobienia w `all'.
21:10:30 **** Incremental Build of configuration Debug for project klocki_test ****
make all 
'Building file: ../src/fpga_interface.c'
'Invoking: MicroBlaze g++ compiler'
mb-g++ -Wall -O0 -g3 -I../../basys3_game_bsp/microblaze_0/include -c -fmessage-length=0 -MT"src/fpga_interface.o" -std=c++17 -mno-xl-reorder -mlittle-endian -mxl-barrel-shift -mxl-pattern-compare -mno-xl-soft-div -mcpu=v10.0 -mno-xl-soft-mul -mhard-float -Wl,--no-relax -ffunction-sections -fdata-sections -MMD -MP -MF"src/fpga_interface.d" -MT"src/fpga_interface.o" -o "src/fpga_interface.o" "../src/fpga_interface.c"
'Finished building: ../src/fpga_interface.c'
' '
'Building target: klocki_test.elf'
'Invoking: MicroBlaze g++ linker'
mb-g++ -Wl,-T -Wl,../src/lscript.ld -L../../basys3_game_bsp/microblaze_0/lib -mlittle-endian -mxl-barrel-shift -mxl-pattern-compare -mno-xl-soft-div -mcpu=v10.0 -mno-xl-soft-mul -mhard-float -Wl,--no-relax -Wl,--gc-sections -o "klocki_test.elf"  ./src/fpga_interface.o ./src/game.o ./src/line2d.o ./src/main.o ./src/player.o ./src/point2d.o   -Wl,--start-group,-lxil,-lgcc,-lc,-lstdc++,--end-group
'Finished building target: klocki_test.elf'
' '
'Invoking: MicroBlaze Print Size'
mb-size klocki_test.elf  |tee "klocki_test.elf.size"
   text	   data	    bss	    dec	    hex	filename
  31903	   1596	  12182	  45681	   b271	klocki_test.elf
'Finished building: klocki_test.elf.size'
' '
21:11:10 **** Incremental Build of configuration Debug for project klocki_test ****
make all 
'Building file: ../src/fpga_interface.c'
'Invoking: MicroBlaze g++ compiler'
mb-g++ -Wall -O0 -g3 -I../../basys3_game_bsp/microblaze_0/include -c -fmessage-length=0 -MT"src/fpga_interface.o" -std=c++17 -mno-xl-reorder -mlittle-endian -mxl-barrel-shift -mxl-pattern-compare -mno-xl-soft-div -mcpu=v10.0 -mno-xl-soft-mul -mhard-float -Wl,--no-relax -ffunction-sections -fdata-sections -MMD -MP -MF"src/fpga_interface.d" -MT"src/fpga_interface.o" -o "src/fpga_interface.o" "../src/fpga_interface.c"
'Finished building: ../src/fpga_interface.c'
' '
'Building target: klocki_test.elf'
'Invoking: MicroBlaze g++ linker'
mb-g++ -Wl,-T -Wl,../src/lscript.ld -L../../basys3_game_bsp/microblaze_0/lib -mlittle-endian -mxl-barrel-shift -mxl-pattern-compare -mno-xl-soft-div -mcpu=v10.0 -mno-xl-soft-mul -mhard-float -Wl,--no-relax -Wl,--gc-sections -o "klocki_test.elf"  ./src/fpga_interface.o ./src/game.o ./src/line2d.o ./src/main.o ./src/player.o ./src/point2d.o   -Wl,--start-group,-lxil,-lgcc,-lc,-lstdc++,--end-group
'Finished building target: klocki_test.elf'
' '
'Invoking: MicroBlaze Print Size'
mb-size klocki_test.elf  |tee "klocki_test.elf.size"
   text	   data	    bss	    dec	    hex	filename
  31919	   1596	  12182	  45697	   b281	klocki_test.elf
'Finished building: klocki_test.elf.size'
' '
21:11:25 **** Incremental Build of configuration Debug for project klocki_test ****
make all 
'Building file: ../src/fpga_interface.c'
'Invoking: MicroBlaze g++ compiler'
mb-g++ -Wall -O0 -g3 -I../../basys3_game_bsp/microblaze_0/include -c -fmessage-length=0 -MT"src/fpga_interface.o" -std=c++17 -mno-xl-reorder -mlittle-endian -mxl-barrel-shift -mxl-pattern-compare -mno-xl-soft-div -mcpu=v10.0 -mno-xl-soft-mul -mhard-float -Wl,--no-relax -ffunction-sections -fdata-sections -MMD -MP -MF"src/fpga_interface.d" -MT"src/fpga_interface.o" -o "src/fpga_interface.o" "../src/fpga_interface.c"
'Finished building: ../src/fpga_interface.c'
' '
'Building target: klocki_test.elf'
'Invoking: MicroBlaze g++ linker'
mb-g++ -Wl,-T -Wl,../src/lscript.ld -L../../basys3_game_bsp/microblaze_0/lib -mlittle-endian -mxl-barrel-shift -mxl-pattern-compare -mno-xl-soft-div -mcpu=v10.0 -mno-xl-soft-mul -mhard-float -Wl,--no-relax -Wl,--gc-sections -o "klocki_test.elf"  ./src/fpga_interface.o ./src/game.o ./src/line2d.o ./src/main.o ./src/player.o ./src/point2d.o   -Wl,--start-group,-lxil,-lgcc,-lc,-lstdc++,--end-group
'Finished building target: klocki_test.elf'
' '
'Invoking: MicroBlaze Print Size'
mb-size klocki_test.elf  |tee "klocki_test.elf.size"
   text	   data	    bss	    dec	    hex	filename
  31927	   1596	  12182	  45705	   b289	klocki_test.elf
'Finished building: klocki_test.elf.size'
' '
