12:32:10 **** Incremental Build of configuration Debug for project klocki_test ****
make all 
'Building file: ../src/fpga_interface.c'
'Invoking: MicroBlaze g++ compiler'
mb-g++ -Wall -Os -g3 -I../../basys3_game_bsp/microblaze_0/include -c -fmessage-length=0 -MT"src/fpga_interface.o" -std=c++17 -mno-xl-reorder -mlittle-endian -mxl-barrel-shift -mxl-pattern-compare -mno-xl-soft-div -mcpu=v10.0 -mno-xl-soft-mul -mhard-float -Wl,--no-relax -ffunction-sections -fdata-sections -MMD -MP -MF"src/fpga_interface.d" -MT"src/fpga_interface.o" -o "src/fpga_interface.o" "../src/fpga_interface.c"
'Finished building: ../src/fpga_interface.c'
' '
'Building file: ../src/game.cpp'
'Invoking: MicroBlaze g++ compiler'
mb-g++ -Wall -Os -g3 -I../../basys3_game_bsp/microblaze_0/include -c -fmessage-length=0 -MT"src/game.o" -std=c++17 -mno-xl-reorder -mlittle-endian -mxl-barrel-shift -mxl-pattern-compare -mno-xl-soft-div -mcpu=v10.0 -mno-xl-soft-mul -mhard-float -Wl,--no-relax -ffunction-sections -fdata-sections -MMD -MP -MF"src/game.d" -MT"src/game.o" -o "src/game.o" "../src/game.cpp"
'Finished building: ../src/game.cpp'
' '
'Building file: ../src/main.cc'
'Invoking: MicroBlaze g++ compiler'
mb-g++ -Wall -Os -g3 -I../../basys3_game_bsp/microblaze_0/include -c -fmessage-length=0 -MT"src/main.o" -std=c++17 -mno-xl-reorder -mlittle-endian -mxl-barrel-shift -mxl-pattern-compare -mno-xl-soft-div -mcpu=v10.0 -mno-xl-soft-mul -mhard-float -Wl,--no-relax -ffunction-sections -fdata-sections -MMD -MP -MF"src/main.d" -MT"src/main.o" -o "src/main.o" "../src/main.cc"
'Finished building: ../src/main.cc'
' '
'Building target: klocki_test.elf'
'Invoking: MicroBlaze g++ linker'
mb-g++ -Xlinker --print-memory-usage -Wl,-T -Wl,../src/lscript.ld -L../../basys3_game_bsp/microblaze_0/lib -mlittle-endian -mxl-barrel-shift -mxl-pattern-compare -mno-xl-soft-div -mcpu=v10.0 -mno-xl-soft-mul -mhard-float -Wl,--no-relax -Wl,--gc-sections -o "klocki_test.elf"  ./src/fpga_interface.o ./src/game.o ./src/line2d.o ./src/main.o ./src/player.o ./src/point2d.o   -Wl,--start-group,-lxil,-lgcc,-lc,-lstdc++,--end-group
Memory region         Used Size  Region Size  %age Used
microblaze_0_local_memory_ilmb_bram_if_cntlr_Mem_microblaze_0_local_memory_dlmb_bram_if_cntlr_Mem:       35480 B      65456 B     54.20%
axi_bram_ctrl_0_Mem0:        2144 B        64 KB      3.27%
'Finished building target: klocki_test.elf'
' '
'Invoking: MicroBlaze Print Size'
mb-size klocki_test.elf  |tee "klocki_test.elf.size"
   text	   data	    bss	    dec	    hex	filename
  27630	   1592	   8434	  37656	   9318	klocki_test.elf
'Finished building: klocki_test.elf.size'
' '

12:32:13 Build Finished (took 2s.440ms)

